Copyright 1986-2022 Xilinx, Inc. All Rights Reserved.
-----------------------------------------------------------------------------------------
| Tool Version : Vivado v.2022.1 (win64) Build 3526262 Mon Apr 18 15:48:16 MDT 2022
| Date         : Fri Jan 19 18:34:27 2024
| Host         : DESKTOP-HRIQRGI running 64-bit major release  (build 9200)
| Command      : report_control_sets -verbose -file i2s_playback_control_sets_placed.rpt
| Design       : i2s_playback
| Device       : xc7a50ti
-----------------------------------------------------------------------------------------

Control Set Information

Table of Contents
-----------------
1. Summary
2. Histogram
3. Flip-Flop Distribution
4. Detailed Control Set Information

1. Summary
----------

+----------------------------------------------------------+-------+
|                          Status                          | Count |
+----------------------------------------------------------+-------+
| Total control sets                                       |     9 |
|    Minimum number of control sets                        |     9 |
|    Addition due to synthesis replication                 |     0 |
|    Addition due to physical synthesis replication        |     0 |
| Unused register locations in slices containing registers |    37 |
+----------------------------------------------------------+-------+
* Control sets can be merged at opt_design using control_set_merge or merge_equivalent_drivers
** Run report_qor_suggestions for automated merging and remapping suggestions


2. Histogram
------------

+--------------------+-------+
|       Fanout       | Count |
+--------------------+-------+
| Total control sets |     9 |
| >= 0 to < 4        |     3 |
| >= 4 to < 6        |     0 |
| >= 6 to < 8        |     1 |
| >= 8 to < 10       |     0 |
| >= 10 to < 12      |     2 |
| >= 12 to < 14      |     0 |
| >= 14 to < 16      |     0 |
| >= 16              |     3 |
+--------------------+-------+
* Control sets can be remapped at either synth_design or opt_design


3. Flip-Flop Distribution
-------------------------

+--------------+-----------------------+------------------------+-----------------+--------------+
| Clock Enable | Synchronous Set/Reset | Asynchronous Set/Reset | Total Registers | Total Slices |
+--------------+-----------------------+------------------------+-----------------+--------------+
| No           | No                    | No                     |               3 |            2 |
| No           | No                    | Yes                    |              68 |           18 |
| No           | Yes                   | No                     |               6 |            2 |
| Yes          | No                    | No                     |              20 |            6 |
| Yes          | No                    | Yes                    |              34 |            6 |
| Yes          | Yes                   | No                     |               0 |            0 |
+--------------+-----------------------+------------------------+-----------------+--------------+


4. Detailed Control Set Information
-----------------------------------

+------------------+---------------------------------+------------------+------------------+----------------+--------------+
|   Clock Signal   |          Enable Signal          | Set/Reset Signal | Slice Load Count | Bel Load Count | Bels / Slice |
+------------------+---------------------------------+------------------+------------------+----------------+--------------+
|  clock_IBUF_BUFG | tx_0/sd_tx_i_1_n_0              | tx_1/reset_n     |                1 |              1 |         1.00 |
|  clock_IBUF_BUFG | tx_1/sd_tx_i_1__0_n_0           | tx_1/reset_n     |                1 |              1 |         1.00 |
|  clock_IBUF_BUFG |                                 |                  |                2 |              3 |         1.50 |
|  clock_IBUF_BUFG |                                 | i[9]_i_1_n_0     |                2 |              6 |         3.00 |
|  clock_IBUF_BUFG | i[9]_i_1_n_0                    |                  |                3 |             10 |         3.33 |
|  clock_IBUF_BUFG | j[9]_i_1_n_0                    |                  |                3 |             10 |         3.33 |
|  clock_IBUF_BUFG | tx_0/data_tx_int[15]_i_1_n_0    | tx_1/reset_n     |                2 |             16 |         8.00 |
|  clock_IBUF_BUFG | tx_1/data_tx_int[15]_i_1__0_n_0 | tx_1/reset_n     |                2 |             16 |         8.00 |
|  clock_IBUF_BUFG |                                 | tx_1/reset_n     |               18 |             68 |         3.78 |
+------------------+---------------------------------+------------------+------------------+----------------+--------------+


