Archive member included to satisfy reference by file (symbol)

C:\Users\thakk\STM32CubeIDE\workspace_1.13.1\stmf7\Lib\libarm_cortexM7lfsp_math.a(arm_rfft_fast_init_f32.o)
                              ./Core/Src/main.o (arm_rfft_fast_init_f32)
C:\Users\thakk\STM32CubeIDE\workspace_1.13.1\stmf7\Lib\libarm_cortexM7lfsp_math.a(arm_rfft_fast_f32.o)
                              ./Core/Src/main.o (arm_rfft_fast_f32)
C:\Users\thakk\STM32CubeIDE\workspace_1.13.1\stmf7\Lib\libarm_cortexM7lfsp_math.a(arm_cfft_f32.o)
                              C:\Users\thakk\STM32CubeIDE\workspace_1.13.1\stmf7\Lib\libarm_cortexM7lfsp_math.a(arm_rfft_fast_f32.o) (arm_cfft_f32)
C:\Users\thakk\STM32CubeIDE\workspace_1.13.1\stmf7\Lib\libarm_cortexM7lfsp_math.a(arm_common_tables.o)
                              C:\Users\thakk\STM32CubeIDE\workspace_1.13.1\stmf7\Lib\libarm_cortexM7lfsp_math.a(arm_rfft_fast_init_f32.o) (twiddleCoef_rfft_4096)
C:\Users\thakk\STM32CubeIDE\workspace_1.13.1\stmf7\Lib\libarm_cortexM7lfsp_math.a(arm_bitreversal2.o)
                              C:\Users\thakk\STM32CubeIDE\workspace_1.13.1\stmf7\Lib\libarm_cortexM7lfsp_math.a(arm_cfft_f32.o) (arm_bitreversal_32)
C:\Users\thakk\STM32CubeIDE\workspace_1.13.1\stmf7\Lib\libarm_cortexM7lfsp_math.a(arm_cfft_radix8_f32.o)
                              C:\Users\thakk\STM32CubeIDE\workspace_1.13.1\stmf7\Lib\libarm_cortexM7lfsp_math.a(arm_cfft_f32.o) (arm_radix8_butterfly_f32)
C:/ST/STM32CubeIDE_1.13.1/STM32CubeIDE/plugins/com.st.stm32cube.ide.mcu.externaltools.gnu-tools-for-stm32.11.3.rel1.win32_1.1.0.202305231506/tools/bin/../lib/gcc/arm-none-eabi/11.3.1/../../../../arm-none-eabi/lib/thumb/v7e-m+fp/hard\libc_nano.a(libc_a-exit.o)
                              C:/ST/STM32CubeIDE_1.13.1/STM32CubeIDE/plugins/com.st.stm32cube.ide.mcu.externaltools.gnu-tools-for-stm32.11.3.rel1.win32_1.1.0.202305231506/tools/bin/../lib/gcc/arm-none-eabi/11.3.1/../../../../arm-none-eabi/lib/thumb/v7e-m+fp/hard/crt0.o (exit)
C:/ST/STM32CubeIDE_1.13.1/STM32CubeIDE/plugins/com.st.stm32cube.ide.mcu.externaltools.gnu-tools-for-stm32.11.3.rel1.win32_1.1.0.202305231506/tools/bin/../lib/gcc/arm-none-eabi/11.3.1/../../../../arm-none-eabi/lib/thumb/v7e-m+fp/hard\libc_nano.a(libc_a-nano-vfprintf_float.o)
                              (_printf_float)
C:/ST/STM32CubeIDE_1.13.1/STM32CubeIDE/plugins/com.st.stm32cube.ide.mcu.externaltools.gnu-tools-for-stm32.11.3.rel1.win32_1.1.0.202305231506/tools/bin/../lib/gcc/arm-none-eabi/11.3.1/../../../../arm-none-eabi/lib/thumb/v7e-m+fp/hard\libc_nano.a(libc_a-nano-vfprintf_i.o)
                              C:/ST/STM32CubeIDE_1.13.1/STM32CubeIDE/plugins/com.st.stm32cube.ide.mcu.externaltools.gnu-tools-for-stm32.11.3.rel1.win32_1.1.0.202305231506/tools/bin/../lib/gcc/arm-none-eabi/11.3.1/../../../../arm-none-eabi/lib/thumb/v7e-m+fp/hard\libc_nano.a(libc_a-nano-vfprintf_float.o) (_printf_common)
C:/ST/STM32CubeIDE_1.13.1/STM32CubeIDE/plugins/com.st.stm32cube.ide.mcu.externaltools.gnu-tools-for-stm32.11.3.rel1.win32_1.1.0.202305231506/tools/bin/../lib/gcc/arm-none-eabi/11.3.1/../../../../arm-none-eabi/lib/thumb/v7e-m+fp/hard\libc_nano.a(libc_a-findfp.o)
                              C:/ST/STM32CubeIDE_1.13.1/STM32CubeIDE/plugins/com.st.stm32cube.ide.mcu.externaltools.gnu-tools-for-stm32.11.3.rel1.win32_1.1.0.202305231506/tools/bin/../lib/gcc/arm-none-eabi/11.3.1/../../../../arm-none-eabi/lib/thumb/v7e-m+fp/hard\libc_nano.a(libc_a-exit.o) (__stdio_exit_handler)
C:/ST/STM32CubeIDE_1.13.1/STM32CubeIDE/plugins/com.st.stm32cube.ide.mcu.externaltools.gnu-tools-for-stm32.11.3.rel1.win32_1.1.0.202305231506/tools/bin/../lib/gcc/arm-none-eabi/11.3.1/../../../../arm-none-eabi/lib/thumb/v7e-m+fp/hard\libc_nano.a(libc_a-fwalk.o)
                              C:/ST/STM32CubeIDE_1.13.1/STM32CubeIDE/plugins/com.st.stm32cube.ide.mcu.externaltools.gnu-tools-for-stm32.11.3.rel1.win32_1.1.0.202305231506/tools/bin/../lib/gcc/arm-none-eabi/11.3.1/../../../../arm-none-eabi/lib/thumb/v7e-m+fp/hard\libc_nano.a(libc_a-findfp.o) (_fwalk_sglue)
C:/ST/STM32CubeIDE_1.13.1/STM32CubeIDE/plugins/com.st.stm32cube.ide.mcu.externaltools.gnu-tools-for-stm32.11.3.rel1.win32_1.1.0.202305231506/tools/bin/../lib/gcc/arm-none-eabi/11.3.1/../../../../arm-none-eabi/lib/thumb/v7e-m+fp/hard\libc_nano.a(libc_a-snprintf.o)
                              ./Core/Src/main.o (snprintf)
C:/ST/STM32CubeIDE_1.13.1/STM32CubeIDE/plugins/com.st.stm32cube.ide.mcu.externaltools.gnu-tools-for-stm32.11.3.rel1.win32_1.1.0.202305231506/tools/bin/../lib/gcc/arm-none-eabi/11.3.1/../../../../arm-none-eabi/lib/thumb/v7e-m+fp/hard\libc_nano.a(libc_a-sprintf.o)
                              ./Core/Src/main.o (sprintf)
C:/ST/STM32CubeIDE_1.13.1/STM32CubeIDE/plugins/com.st.stm32cube.ide.mcu.externaltools.gnu-tools-for-stm32.11.3.rel1.win32_1.1.0.202305231506/tools/bin/../lib/gcc/arm-none-eabi/11.3.1/../../../../arm-none-eabi/lib/thumb/v7e-m+fp/hard\libc_nano.a(libc_a-stdio.o)
[...]
Memory Configuration

Name             Origin             Length             Attributes
RAM              0x0000000020000000 0x0000000000050000 xrw
FLASH            0x0000000008000000 0x0000000000100000 xr
*default*        0x0000000000000000 0xffffffffffffffff

Linker script and memory map

LOAD C:/ST/STM32CubeIDE_1.13.1/STM32CubeIDE/plugins/com.st.stm32cube.ide.mcu.externaltools.gnu-tools-for-stm32.11.3.rel1.win32_1.1.0.202305231506/tools/bin/../lib/gcc/arm-none-eabi/11.3.1/thumb/v7e-m+fp/hard/crti.o
LOAD C:/ST/STM32CubeIDE_1.13.1/STM32CubeIDE/plugins/com.st.stm32cube.ide.mcu.externaltools.gnu-tools-for-stm32.11.3.rel1.win32_1.1.0.202305231506/tools/bin/../lib/gcc/arm-none-eabi/11.3.1/thumb/v7e-m+fp/hard/crtbegin.o
LOAD C:/ST/STM32CubeIDE_1.13.1/STM32CubeIDE/plugins/com.st.stm32cube.ide.mcu.externaltools.gnu-tools-for-stm32.11.3.rel1.win32_1.1.0.202305231506/tools/bin/../lib/gcc/arm-none-eabi/11.3.1/../../../../arm-none-eabi/lib/thumb/v7e-m+fp/hard/crt0.o
LOAD ./Core/Src/main.o
LOAD ./Core/Src/stm32f7xx_hal_msp.o
LOAD ./Core/Src/stm32f7xx_it.o
LOAD ./Core/Src/syscalls.o
LOAD ./Core/Src/sysmem.o
LOAD ./Core/Src/system_stm32f7xx.o
LOAD ./Core/Startup/startup_stm32f756zgtx.o
LOAD ./Drivers/STM32F7xx_HAL_Driver/Src/stm32f7xx_hal.o
LOAD ./Drivers/STM32F7xx_HAL_Driver/Src/stm32f7xx_hal_adc.o
LOAD ./Drivers/STM32F7xx_HAL_Driver/Src/stm32f7xx_hal_adc_ex.o
LOAD ./Drivers/STM32F7xx_HAL_Driver/Src/stm32f7xx_hal_cortex.o
LOAD ./Drivers/STM32F7xx_HAL_Driver/Src/stm32f7xx_hal_dma.o
LOAD ./Drivers/STM32F7xx_HAL_Driver/Src/stm32f7xx_hal_dma_ex.o
LOAD ./Drivers/STM32F7xx_HAL_Driver/Src/stm32f7xx_hal_eth.o
LOAD ./Drivers/STM32F7xx_HAL_Driver/Src/stm32f7xx_hal_exti.o
LOAD ./Drivers/STM32F7xx_HAL_Driver/Src/stm32f7xx_hal_flash.o
LOAD ./Drivers/STM32F7xx_HAL_Driver/Src/stm32f7xx_hal_flash_ex.o
LOAD ./Drivers/STM32F7xx_HAL_Driver/Src/stm32f7xx_hal_gpio.o
LOAD ./Drivers/STM32F7xx_HAL_Driver/Src/stm32f7xx_hal_i2c.o
LOAD ./Drivers/STM32F7xx_HAL_Driver/Src/stm32f7xx_hal_i2c_ex.o
LOAD ./Drivers/STM32F7xx_HAL_Driver/Src/stm32f7xx_hal_pcd.o
LOAD ./Drivers/STM32F7xx_HAL_Driver/Src/stm32f7xx_hal_pcd_ex.o
LOAD ./Drivers/STM32F7xx_HAL_Driver/Src/stm32f7xx_hal_pwr.o
LOAD ./Drivers/STM32F7xx_HAL_Driver/Src/stm32f7xx_hal_pwr_ex.o
LOAD ./Drivers/STM32F7xx_HAL_Driver/Src/stm32f7xx_hal_rcc.o
LOAD ./Drivers/STM32F7xx_HAL_Driver/Src/stm32f7xx_hal_rcc_ex.o
LOAD ./Drivers/STM32F7xx_HAL_Driver/Src/stm32f7xx_hal_tim.o
LOAD ./Drivers/STM32F7xx_HAL_Driver/Src/stm32f7xx_hal_tim_ex.o
LOAD ./Drivers/STM32F7xx_HAL_Driver/Src/stm32f7xx_hal_uart.o
LOAD ./Drivers/STM32F7xx_HAL_Driver/Src/stm32f7xx_hal_uart_ex.o
LOAD ./Drivers/STM32F7xx_HAL_Driver/Src/stm32f7xx_ll_usb.o
LOAD C:\Users\thakk\STM32CubeIDE\workspace_1.13.1\stmf7\Lib\libarm_cortexM7lfsp_math.a
START GROUP
LOAD C:/ST/STM32CubeIDE_1.13.1/STM32CubeIDE/plugins/com.st.stm32cube.ide.mcu.externaltools.gnu-tools-for-stm32.11.3.rel1.win32_1.1.0.202305231506/tools/bin/../lib/gcc/arm-none-eabi/11.3.1/../../../../arm-none-eabi/lib/thumb/v7e-m+fp/hard\libc_nano.a
LOAD C:/ST/STM32CubeIDE_1.13.1/STM32CubeIDE/plugins/com.st.stm32cube.ide.mcu.externaltools.gnu-tools-for-stm32.11.3.rel1.win32_1.1.0.202305231506/tools/bin/../lib/gcc/arm-none-eabi/11.3.1/../../../../arm-none-eabi/lib/thumb/v7e-m+fp/hard\libm.a
END GROUP
START GROUP
LOAD C:/ST/STM32CubeIDE_1.13.1/STM32CubeIDE/plugins/com.st.stm32cube.ide.mcu.externaltools.gnu-tools-for-stm32.11.3.rel1.win32_1.1.0.202305231506/tools/bin/../lib/gcc/arm-none-eabi/11.3.1/thumb/v7e-m+fp/hard\libgcc.a
LOAD C:/ST/STM32CubeIDE_1.13.1/STM32CubeIDE/plugins/com.st.stm32cube.ide.mcu.externaltools.gnu-tools-for-stm32.11.3.rel1.win32_1.1.0.202305231506/tools/bin/../lib/gcc/arm-none-eabi/11.3.1/../../../../arm-none-eabi/lib/thumb/v7e-m+fp/hard\libc_nano.a
END GROUP
START GROUP
LOAD C:/ST/STM32CubeIDE_1.13.1/STM32CubeIDE/plugins/com.st.stm32cube.ide.mcu.externaltools.gnu-tools-for-stm32.11.3.rel1.win32_1.1.0.202305231506/tools/bin/../lib/gcc/arm-none-eabi/11.3.1/thumb/v7e-m+fp/hard\libgcc.a
LOAD C:/ST/STM32CubeIDE_1.13.1/STM32CubeIDE/plugins/com.st.stm32cube.ide.mcu.externaltools.gnu-tools-for-stm32.11.3.rel1.win32_1.1.0.202305231506/tools/bin/../lib/gcc/arm-none-eabi/11.3.1/../../../../arm-none-eabi/lib/thumb/v7e-m+fp/hard\libc_nano.a
LOAD C:/ST/STM32CubeIDE_1.13.1/STM32CubeIDE/plugins/com.st.stm32cube.ide.mcu.externaltools.gnu-tools-for-stm32.11.3.rel1.win32_1.1.0.202305231506/tools/bin/../lib/gcc/arm-none-eabi/11.3.1/../../../../arm-none-eabi/lib/thumb/v7e-m+fp/hard\libnosys.a
END GROUP
START GROUP
LOAD C:/ST/STM32CubeIDE_1.13.1/STM32CubeIDE/plugins/com.st.stm32cube.ide.mcu.externaltools.gnu-tools-for-stm32.11.3.rel1.win32_1.1.0.202305231506/tools/bin/../lib/gcc/arm-none-eabi/11.3.1/thumb/v7e-m+fp/hard\libgcc.a
LOAD C:/ST/STM32CubeIDE_1.13.1/STM32CubeIDE/plugins/com.st.stm32cube.ide.mcu.externaltools.gnu-tools-for-stm32.11.3.rel1.win32_1.1.0.202305231506/tools/bin/../lib/gcc/arm-none-eabi/11.3.1/../../../../arm-none-eabi/lib/thumb/v7e-m+fp/hard\libc_nano.a
LOAD C:/ST/STM32CubeIDE_1.13.1/STM32CubeIDE/plugins/com.st.stm32cube.ide.mcu.externaltools.gnu-tools-for-stm32.11.3.rel1.win32_1.1.0.202305231506/tools/bin/../lib/gcc/arm-none-eabi/11.3.1/../../../../arm-none-eabi/lib/thumb/v7e-m+fp/hard\libnosys.a
END GROUP
LOAD C:/ST/STM32CubeIDE_1.13.1/STM32CubeIDE/plugins/com.st.stm32cube.ide.mcu.externaltools.gnu-tools-for-stm32.11.3.rel1.win32_1.1.0.202305231506/tools/bin/../lib/gcc/arm-none-eabi/11.3.1/thumb/v7e-m+fp/hard/crtend.o
LOAD C:/ST/STM32CubeIDE_1.13.1/STM32CubeIDE/plugins/com.st.stm32cube.ide.mcu.externaltools.gnu-tools-for-stm32.11.3.rel1.win32_1.1.0.202305231506/tools/bin/../lib/gcc/arm-none-eabi/11.3.1/thumb/v7e-m+fp/hard/crtn.o
                0x0000000020050000                _estack = (ORIGIN (RAM) + LENGTH (RAM))
                0x0000000000000200                _Min_Heap_Size = 0x200
                0x0000000000000400                _Min_Stack_Size = 0x400

.isr_vector     0x0000000008000000      0x1c8
                0x0000000008000000                . = ALIGN (0x4)
 *(.isr_vector)
 .isr_vector    0x0000000008000000      0x1c8 ./Core/Startup/startup_stm32f756zgtx.o
                0x0000000008000000                g_pfnVectors
                0x00000000080001c8                . = ALIGN (0x4)

.text           0x00000000080001d0     0xdc90
                0x00000000080001d0                . = ALIGN (0x4)
 *(.text)
 .text          0x00000000080001d0       0x40 C:/ST/STM32CubeIDE_1.13.1/STM32CubeIDE/plugins/com.st.stm32cube.ide.mcu.externaltools.gnu-tools-for-stm32.11.3.rel1.win32_1.1.0.202305231506/tools/bin/../lib/gcc/arm-none-eabi/11.3.1/thumb/v7e-m+fp/hard/crtbegin.o
 .text          0x0000000008000210       0xc0 C:\Users\thakk\STM32CubeIDE\workspace_1.13.1\stmf7\Lib\libarm_cortexM7lfsp_math.a(arm_bitreversal2.o)
                0x0000000008000210                arm_bitreversal_32
                0x000000000800027a                arm_bitreversal_16
 .text          0x00000000080002d0       0xa0 C:/ST/STM32CubeIDE_1.13.1/STM32CubeIDE/plugins/com.st.stm32cube.ide.mcu.externaltools.gnu-tools-for-stm32.11.3.rel1.win32_1.1.0.202305231506/tools/bin/../lib/gcc/arm-none-eabi/11.3.1/../../../../arm-none-eabi/lib/thumb/v7e-m+fp/hard\libc_nano.a(libc_a-memchr.o)
                0x00000000080002d0                memchr
 .text          0x0000000008000370       0x10 C:/ST/STM32CubeIDE_1.13.1/STM32CubeIDE/plugins/com.st.stm32cube.ide.mcu.externaltools.gnu-tools-for-stm32.11.3.rel1.win32_1.1.0.202305231506/tools/bin/../lib/gcc/arm-none-eabi/11.3.1/../../../../arm-none-eabi/lib/thumb/v7e-m+fp/hard\libc_nano.a(libc_a-strlen.o)
                0x0000000008000370                strlen
 .text          0x0000000008000380      0x378 C:/ST/STM32CubeIDE_1.13.1/STM32CubeIDE/plugins/com.st.stm32cube.ide.mcu.externaltools.gnu-tools-for-stm32.11.3.rel1.win32_1.1.0.202305231506/tools/bin/../lib/gcc/arm-none-eabi/11.3.1/thumb/v7e-m+fp/hard\libgcc.a(_arm_addsubdf3.o)
                0x0000000008000380                __aeabi_drsub
                0x0000000008000388                __aeabi_dsub
                0x0000000008000388                __subdf3
                0x000000000800038c                __aeabi_dadd
                0x000000000800038c                __adddf3
                0x0000000008000604                __floatunsidf
                0x0000000008000604                __aeabi_ui2d
                0x0000000008000624                __floatsidf
                0x0000000008000624                __aeabi_i2d
                0x0000000008000648                __aeabi_f2d
                0x0000000008000648                __extendsfdf2
                0x000000000800068c                __floatundidf
                0x000000000800068c                __aeabi_ul2d
                0x000000000800069c                __floatdidf
                0x000000000800069c                __aeabi_l2d
 .text          0x00000000080006f8      0x424 C:/ST/STM32CubeIDE_1.13.1/STM32CubeIDE/plugins/com.st.stm32cube.ide.mcu.externaltools.gnu-tools-for-stm32.11.3.rel1.win32_1.1.0.202305231506/tools/bin/../lib/gcc/arm-none-eabi/11.3.1/thumb/v7e-m+fp/hard\libgcc.a(_arm_muldivdf3.o)
                0x00000000080006f8                __aeabi_dmul
                0x00000000080006f8                __muldf3
                0x000000000800094c                __divdf3
                0x000000000800094c                __aeabi_ddiv
 .text          0x0000000008000b1c      0x110 C:/ST/STM32CubeIDE_1.13.1/STM32CubeIDE/plugins/com.st.stm32cube.ide.mcu.externaltools.gnu-tools-for-stm32.11.3.rel1.win32_1.1.0.202305231506/tools/bin/../lib/gcc/arm-none-eabi/11.3.1/thumb/v7e-m+fp/hard\libgcc.a(_arm_cmpdf2.o)
                0x0000000008000b1c                __gtdf2
                0x0000000008000b1c                __gedf2
                0x0000000008000b24                __ltdf2
                0x0000000008000b24                __ledf2
                0x0000000008000b2c                __nedf2
                0x0000000008000b2c                __eqdf2
                0x0000000008000b2c                __cmpdf2
                0x0000000008000ba8                __aeabi_cdrcmple
                0x0000000008000bb8                __aeabi_cdcmpeq
                0x0000000008000bb8                __aeabi_cdcmple
                0x0000000008000bc8                __aeabi_dcmpeq
                0x0000000008000bdc                __aeabi_dcmplt
                0x0000000008000bf0                __aeabi_dcmple
                0x0000000008000c04                __aeabi_dcmpge
                0x0000000008000c18                __aeabi_dcmpgt
 .text          0x0000000008000c2c       0x2c C:/ST/STM32CubeIDE_1.13.1/STM32CubeIDE/plugins/com.st.stm32cube.ide.mcu.externaltools.gnu-tools-for-stm32.11.3.rel1.win32_1.1.0.202305231506/tools/bin/../lib/gcc/arm-none-eabi/11.3.1/thumb/v7e-m+fp/hard\libgcc.a(_arm_unorddf2.o)
                0x0000000008000c2c                __unorddf2
                0x0000000008000c2c                __aeabi_dcmpun
 .text          0x0000000008000c58       0x50 C:/ST/STM32CubeIDE_1.13.1/STM32CubeIDE/plugins/com.st.stm32cube.ide.mcu.externaltools.gnu-tools-for-stm32.11.3.rel1.win32_1.1.0.202305231506/tools/bin/../lib/gcc/arm-none-eabi/11.3.1/thumb/v7e-m+fp/hard\libgcc.a(_arm_fixdfsi.o)
                0x0000000008000c58                __aeabi_d2iz
                0x0000000008000c58                __fixdfsi
 .text          0x0000000008000ca8       0xa0 C:/ST/STM32CubeIDE_1.13.1/STM32CubeIDE/plugins/com.st.stm32cube.ide.mcu.externaltools.gnu-tools-for-stm32.11.3.rel1.win32_1.1.0.202305231506/tools/bin/../lib/gcc/arm-none-eabi/11.3.1/thumb/v7e-m+fp/hard\libgcc.a(_arm_truncdfsf2.o)
                0x0000000008000ca8                __truncdfsf2
                0x0000000008000ca8                __aeabi_d2f
 .text          0x0000000008000d48       0x30 C:/ST/STM32CubeIDE_1.13.1/STM32CubeIDE/plugins/com.st.stm32cube.ide.mcu.externaltools.gnu-tools-for-stm32.11.3.rel1.win32_1.1.0.202305231506/tools/bin/../lib/gcc/arm-none-eabi/11.3.1/thumb/v7e-m+fp/hard\libgcc.a(_aeabi_uldivmod.o)
                0x0000000008000d48                __aeabi_uldivmod
 .text          0x0000000008000d78      0x2c8 C:/ST/STM32CubeIDE_1.13.1/STM32CubeIDE/plugins/com.st.stm32cube.ide.mcu.externaltools.gnu-tools-for-stm32.11.3.rel1.win32_1.1.0.202305231506/tools/bin/../lib/gcc/arm-none-eabi/11.3.1/thumb/v7e-m+fp/hard\libgcc.a(_udivmoddi4.o)
                0x0000000008000d78                __udivmoddi4
 .text          0x0000000008001040        0x4 C:/ST/STM32CubeIDE_1.13.1/STM32CubeIDE/plugins/com.st.stm32cube.ide.mcu.externaltools.gnu-tools-for-stm32.11.3.rel1.win32_1.1.0.202305231506/tools/bin/../lib/gcc/arm-none-eabi/11.3.1/thumb/v7e-m+fp/hard\libgcc.a(_dvmd_tls.o)
                0x0000000008001040                __aeabi_idiv0
                0x0000000008001040                __aeabi_ldiv0
 *(.text*)
 *fill*         0x0000000008001044        0x4 
 .text.main     0x0000000008001048      0x5c4 ./Core/Src/main.o
                0x0000000008001048                main
 .text.SystemClock_Config
                0x000000000800160c       0xe0 ./Core/Src/main.o
                0x000000000800160c                SystemClock_Config
 .text.MX_ADC1_Init
                0x00000000080016ec       0xc0 ./Core/Src/main.o
 .text.MX_ETH_Init
                0x00000000080017ac       0x9c ./Core/Src/main.o
 .text.MX_TIM2_Init
                0x0000000008001848      0x104 ./Core/Src/main.o
 .text.MX_USART3_UART_Init
                0x000000000800194c       0x60 ./Core/Src/main.o
 .text.MX_USB_OTG_FS_PCD_Init
                0x00000000080019ac       0x5c ./Core/Src/main.o
 .text.MX_DMA_Init
                0x0000000008001a08       0x74 ./Core/Src/main.o
 .text.MX_GPIO_Init
                0x0000000008001a7c      0x144 ./Core/Src/main.o
 .text.HAL_ADC_ConvCpltCallback
                0x0000000008001bc0       0xec ./Core/Src/main.o
                0x0000000008001bc0                HAL_ADC_ConvCpltCallback
 .text.HAL_UART_TxCpltCallback
                0x0000000008001cac       0x48 ./Core/Src/main.o
                0x0000000008001cac                HAL_UART_TxCpltCallback
 .text.HAL_UART_RxCpltCallback
                0x0000000008001cf4       0x98 ./Core/Src/main.o
                0x0000000008001cf4                HAL_UART_RxCpltCallback
 .text.HAL_UART_ErrorCallback
                0x0000000008001d8c      0x100 ./Core/Src/main.o
                0x0000000008001d8c                HAL_UART_ErrorCallback
 .text.Error_Handler
                0x0000000008001e8c        0xa ./Core/Src/main.o
                0x0000000008001e8c                Error_Handler
 *fill*         0x0000000008001e96        0x2 
 .text.HAL_MspInit
                0x0000000008001e98       0x48 ./Core/Src/stm32f7xx_hal_msp.o
                0x0000000008001e98                HAL_MspInit
 .text.HAL_ADC_MspInit
                0x0000000008001ee0       0xf8 ./Core/Src/stm32f7xx_hal_msp.o
                0x0000000008001ee0                HAL_ADC_MspInit
 .text.HAL_ETH_MspInit
                0x0000000008001fd8      0x170 ./Core/Src/stm32f7xx_hal_msp.o
                0x0000000008001fd8                HAL_ETH_MspInit
 .text.HAL_TIM_Base_MspInit
                0x0000000008002148       0x48 ./Core/Src/stm32f7xx_hal_msp.o
                0x0000000008002148                HAL_TIM_Base_MspInit
 .text.HAL_TIM_MspPostInit
                0x0000000008002190       0x6c ./Core/Src/stm32f7xx_hal_msp.o
                0x0000000008002190                HAL_TIM_MspPostInit
 .text.HAL_UART_MspInit
                0x00000000080021fc      0x19c ./Core/Src/stm32f7xx_hal_msp.o
                0x00000000080021fc                HAL_UART_MspInit
 .text.HAL_PCD_MspInit
                0x0000000008002398       0xf4 ./Core/Src/stm32f7xx_hal_msp.o
                0x0000000008002398                HAL_PCD_MspInit
 .text.NMI_Handler
                0x000000000800248c        0x6 ./Core/Src/stm32f7xx_it.o
                0x000000000800248c                NMI_Handler
 .text.HardFault_Handler
                0x0000000008002492        0x6 ./Core/Src/stm32f7xx_it.o
                0x0000000008002492                HardFault_Handler
 .text.MemManage_Handler
                0x0000000008002498        0x6 ./Core/Src/stm32f7xx_it.o
                0x0000000008002498                MemManage_Handler
 .text.BusFault_Handler
                0x000000000800249e        0x6 ./Core/Src/stm32f7xx_it.o
                0x000000000800249e                BusFault_Handler
 .text.UsageFault_Handler
                0x00000000080024a4        0x6 ./Core/Src/stm32f7xx_it.o
                0x00000000080024a4                UsageFault_Handler
 .text.SVC_Handler
                0x00000000080024aa        0xe ./Core/Src/stm32f7xx_it.o
                0x00000000080024aa                SVC_Handler
 .text.DebugMon_Handler
                0x00000000080024b8        0xe ./Core/Src/stm32f7xx_it.o
                0x00000000080024b8                DebugMon_Handler
 .text.PendSV_Handler
                0x00000000080024c6        0xe ./Core/Src/stm32f7xx_it.o
                0x00000000080024c6                PendSV_Handler
 .text.SysTick_Handler
                0x00000000080024d4        0xc ./Core/Src/stm32f7xx_it.o
                0x00000000080024d4                SysTick_Handler
 .text.DMA1_Stream1_IRQHandler
                0x00000000080024e0       0x14 ./Core/Src/stm32f7xx_it.o
                0x00000000080024e0                DMA1_Stream1_IRQHandler
 .text.DMA1_Stream3_IRQHandler
                0x00000000080024f4       0x14 ./Core/Src/stm32f7xx_it.o
                0x00000000080024f4                DMA1_Stream3_IRQHandler
 .text.ADC_IRQHandler
                0x0000000008002508       0x14 ./Core/Src/stm32f7xx_it.o
                0x0000000008002508                ADC_IRQHandler
 .text.TIM2_IRQHandler
                0x000000000800251c       0x14 ./Core/Src/stm32f7xx_it.o
                0x000000000800251c                TIM2_IRQHandler
 .text.USART3_IRQHandler
                0x0000000008002530       0x14 ./Core/Src/stm32f7xx_it.o
                0x0000000008002530                USART3_IRQHandler
 .text.DMA2_Stream0_IRQHandler
                0x0000000008002544       0x14 ./Core/Src/stm32f7xx_it.o
                0x0000000008002544                DMA2_Stream0_IRQHandler
 .text._getpid  0x0000000008002558       0x10 ./Core/Src/syscalls.o
                0x0000000008002558                _getpid
 .text._kill    0x0000000008002568       0x20 ./Core/Src/syscalls.o
                0x0000000008002568                _kill
 .text._exit    0x0000000008002588       0x14 ./Core/Src/syscalls.o
                0x0000000008002588                _exit
 .text._read    0x000000000800259c       0x3a ./Core/Src/syscalls.o
                0x000000000800259c                _read
 .text._write   0x00000000080025d6       0x38 ./Core/Src/syscalls.o
                0x00000000080025d6                _write
 .text._close   0x000000000800260e       0x18 ./Core/Src/syscalls.o
                0x000000000800260e                _close
 .text._fstat   0x0000000008002626       0x20 ./Core/Src/syscalls.o
                0x0000000008002626                _fstat
 .text._isatty  0x0000000008002646       0x16 ./Core/Src/syscalls.o
                0x0000000008002646                _isatty
 .text._lseek   0x000000000800265c       0x1a ./Core/Src/syscalls.o
                0x000000000800265c                _lseek
 *fill*         0x0000000008002676        0x2 
 .text._sbrk    0x0000000008002678       0x6c ./Core/Src/sysmem.o
                0x0000000008002678                _sbrk
 .text.SystemInit
                0x00000000080026e4       0x24 ./Core/Src/system_stm32f7xx.o
                0x00000000080026e4                SystemInit
 .text.Reset_Handler
                0x0000000008002708       0x50 ./Core/Startup/startup_stm32f756zgtx.o
                0x0000000008002708                Reset_Handler
 .text.Default_Handler
                0x0000000008002758        0x2 ./Core/Startup/startup_stm32f756zgtx.o
                0x0000000008002758                RTC_Alarm_IRQHandler
                0x0000000008002758                HASH_RNG_IRQHandler
                0x0000000008002758                EXTI2_IRQHandler
                0x0000000008002758                TIM8_CC_IRQHandler
                0x0000000008002758                UART8_IRQHandler
                0x0000000008002758                SPI4_IRQHandler
                0x0000000008002758                TIM1_CC_IRQHandler
                0x0000000008002758                DMA2_Stream5_IRQHandler
                0x0000000008002758                DMA1_Stream5_IRQHandler
                0x0000000008002758                PVD_IRQHandler
                0x0000000008002758                TAMP_STAMP_IRQHandler
                0x0000000008002758                CAN2_RX1_IRQHandler
                0x0000000008002758                EXTI3_IRQHandler
                0x0000000008002758                TIM8_TRG_COM_TIM14_IRQHandler
                0x0000000008002758                TIM1_UP_TIM10_IRQHandler
                0x0000000008002758                TIM8_UP_TIM13_IRQHandler
                0x0000000008002758                I2C3_ER_IRQHandler
                0x0000000008002758                EXTI0_IRQHandler
                0x0000000008002758                I2C2_EV_IRQHandler
                0x0000000008002758                DMA1_Stream2_IRQHandler
                0x0000000008002758                CAN1_RX0_IRQHandler
                0x0000000008002758                FPU_IRQHandler
                0x0000000008002758                OTG_HS_WKUP_IRQHandler
                0x0000000008002758                LTDC_ER_IRQHandler
                0x0000000008002758                CAN2_SCE_IRQHandler
                0x0000000008002758                DMA2_Stream2_IRQHandler
                0x0000000008002758                SPI1_IRQHandler
                0x0000000008002758                TIM6_DAC_IRQHandler
                0x0000000008002758                TIM1_BRK_TIM9_IRQHandler
                0x0000000008002758                DCMI_IRQHandler
                0x0000000008002758                CAN2_RX0_IRQHandler
                0x0000000008002758                DMA2_Stream3_IRQHandler
                0x0000000008002758                SAI2_IRQHandler
                0x0000000008002758                USART6_IRQHandler
                0x0000000008002758                CRYP_IRQHandler
                0x0000000008002758                CAN1_RX1_IRQHandler
                0x0000000008002758                UART5_IRQHandler
                0x0000000008002758                TIM4_IRQHandler
                0x0000000008002758                QUADSPI_IRQHandler
                0x0000000008002758                I2C1_EV_IRQHandler
                0x0000000008002758                DMA1_Stream6_IRQHandler
                0x0000000008002758                UART4_IRQHandler
                0x0000000008002758                TIM3_IRQHandler
                0x0000000008002758                RCC_IRQHandler
                0x0000000008002758                TIM8_BRK_TIM12_IRQHandler
                0x0000000008002758                Default_Handler
                0x0000000008002758                CEC_IRQHandler
                0x0000000008002758                EXTI15_10_IRQHandler
                0x0000000008002758                DMA1_Stream7_IRQHandler
                0x0000000008002758                SPI5_IRQHandler
                0x0000000008002758                TIM7_IRQHandler
                0x0000000008002758                SDMMC1_IRQHandler
                0x0000000008002758                CAN2_TX_IRQHandler
                0x0000000008002758                TIM5_IRQHandler
                0x0000000008002758                DMA2_Stream7_IRQHandler
                0x0000000008002758                I2C3_EV_IRQHandler
                0x0000000008002758                EXTI9_5_IRQHandler
                0x0000000008002758                RTC_WKUP_IRQHandler
                0x0000000008002758                LTDC_IRQHandler
                0x0000000008002758                ETH_WKUP_IRQHandler
                0x0000000008002758                SPDIF_RX_IRQHandler
                0x0000000008002758                SPI2_IRQHandler
                0x0000000008002758                OTG_HS_EP1_IN_IRQHandler
                0x0000000008002758                DMA1_Stream0_IRQHandler
                0x0000000008002758                CAN1_TX_IRQHandler
                0x0000000008002758                EXTI4_IRQHandler
                0x0000000008002758                ETH_IRQHandler
                0x0000000008002758                OTG_HS_EP1_OUT_IRQHandler
                0x0000000008002758                WWDG_IRQHandler
                0x0000000008002758                SPI6_IRQHandler
                0x0000000008002758                I2C4_EV_IRQHandler
                0x0000000008002758                OTG_FS_WKUP_IRQHandler
                0x0000000008002758                TIM1_TRG_COM_TIM11_IRQHandler
                0x0000000008002758                OTG_HS_IRQHandler
                0x0000000008002758                DMA2D_IRQHandler
                0x0000000008002758                EXTI1_IRQHandler
                0x0000000008002758                UART7_IRQHandler
                0x0000000008002758                USART2_IRQHandler
                0x0000000008002758                I2C2_ER_IRQHandler
                0x0000000008002758                DMA2_Stream1_IRQHandler
                0x0000000008002758                CAN1_SCE_IRQHandler
                0x0000000008002758                FLASH_IRQHandler
                0x0000000008002758                DMA2_Stream4_IRQHandler
                0x0000000008002758                USART1_IRQHandler
                0x0000000008002758                OTG_FS_IRQHandler
                0x0000000008002758                SPI3_IRQHandler
                0x0000000008002758                DMA1_Stream4_IRQHandler
                0x0000000008002758                I2C1_ER_IRQHandler
                0x0000000008002758                FMC_IRQHandler
                0x0000000008002758                LPTIM1_IRQHandler
                0x0000000008002758                I2C4_ER_IRQHandler
                0x0000000008002758                DMA2_Stream6_IRQHandler
                0x0000000008002758                SAI1_IRQHandler
 .text.HAL_Init
                0x000000000800275a       0x1a ./Drivers/STM32F7xx_HAL_Driver/Src/stm32f7xx_hal.o
                0x000000000800275a                HAL_Init
 .text.HAL_InitTick
                0x0000000008002774       0x60 ./Drivers/STM32F7xx_HAL_Driver/Src/stm32f7xx_hal.o
                0x0000000008002774                HAL_InitTick
 .text.HAL_IncTick
                0x00000000080027d4       0x28 ./Drivers/STM32F7xx_HAL_Driver/Src/stm32f7xx_hal.o
                0x00000000080027d4                HAL_IncTick
 .text.HAL_GetTick
                0x00000000080027fc       0x18 ./Drivers/STM32F7xx_HAL_Driver/Src/stm32f7xx_hal.o
                0x00000000080027fc                HAL_GetTick
 .text.HAL_Delay
                0x0000000008002814       0x48 ./Drivers/STM32F7xx_HAL_Driver/Src/stm32f7xx_hal.o
                0x0000000008002814                HAL_Delay
 .text.HAL_ADC_Init
                0x000000000800285c       0x88 ./Drivers/STM32F7xx_HAL_Driver/Src/stm32f7xx_hal_adc.o
                0x000000000800285c                HAL_ADC_Init
 .text.HAL_ADC_IRQHandler
                0x00000000080028e4      0x220 ./Drivers/STM32F7xx_HAL_Driver/Src/stm32f7xx_hal_adc.o
                0x00000000080028e4                HAL_ADC_IRQHandler
 .text.HAL_ADC_Start_DMA
                0x0000000008002b04      0x1f4 ./Drivers/STM32F7xx_HAL_Driver/Src/stm32f7xx_hal_adc.o
                0x0000000008002b04                HAL_ADC_Start_DMA
 .text.HAL_ADC_ConvHalfCpltCallback
                0x0000000008002cf8       0x14 ./Drivers/STM32F7xx_HAL_Driver/Src/stm32f7xx_hal_adc.o
                0x0000000008002cf8                HAL_ADC_ConvHalfCpltCallback
 .text.HAL_ADC_LevelOutOfWindowCallback
                0x0000000008002d0c       0x14 ./Drivers/STM32F7xx_HAL_Driver/Src/stm32f7xx_hal_adc.o
                0x0000000008002d0c                HAL_ADC_LevelOutOfWindowCallback
 .text.HAL_ADC_ErrorCallback
                0x0000000008002d20       0x14 ./Drivers/STM32F7xx_HAL_Driver/Src/stm32f7xx_hal_adc.o
                0x0000000008002d20                HAL_ADC_ErrorCallback
 .text.HAL_ADC_ConfigChannel
                0x0000000008002d34      0x2ac ./Drivers/STM32F7xx_HAL_Driver/Src/stm32f7xx_hal_adc.o
                0x0000000008002d34                HAL_ADC_ConfigChannel
 .text.ADC_Init
                0x0000000008002fe0      0x1f4 ./Drivers/STM32F7xx_HAL_Driver/Src/stm32f7xx_hal_adc.o
 .text.ADC_DMAConvCplt
                0x00000000080031d4       0xba ./Drivers/STM32F7xx_HAL_Driver/Src/stm32f7xx_hal_adc.o
 .text.ADC_DMAHalfConvCplt
                0x000000000800328e       0x1c ./Drivers/STM32F7xx_HAL_Driver/Src/stm32f7xx_hal_adc.o
 .text.ADC_DMAError
                0x00000000080032aa       0x2e ./Drivers/STM32F7xx_HAL_Driver/Src/stm32f7xx_hal_adc.o
 .text.HAL_ADCEx_InjectedConvCpltCallback
                0x00000000080032d8       0x14 ./Drivers/STM32F7xx_HAL_Driver/Src/stm32f7xx_hal_adc_ex.o
                0x00000000080032d8                HAL_ADCEx_InjectedConvCpltCallback
 .text.__NVIC_SetPriorityGrouping
                0x00000000080032ec       0x48 ./Drivers/STM32F7xx_HAL_Driver/Src/stm32f7xx_hal_cortex.o
 .text.__NVIC_GetPriorityGrouping
                0x0000000008003334       0x1c ./Drivers/STM32F7xx_HAL_Driver/Src/stm32f7xx_hal_cortex.o
 .text.__NVIC_EnableIRQ
                0x0000000008003350       0x3c ./Drivers/STM32F7xx_HAL_Driver/Src/stm32f7xx_hal_cortex.o
 .text.__NVIC_SetPriority
                0x000000000800338c       0x54 ./Drivers/STM32F7xx_HAL_Driver/Src/stm32f7xx_hal_cortex.o
 .text.NVIC_EncodePriority
                0x00000000080033e0       0x66 ./Drivers/STM32F7xx_HAL_Driver/Src/stm32f7xx_hal_cortex.o
 *fill*         0x0000000008003446        0x2 
 .text.SysTick_Config
                0x0000000008003448       0x44 ./Drivers/STM32F7xx_HAL_Driver/Src/stm32f7xx_hal_cortex.o
 .text.HAL_NVIC_SetPriorityGrouping
                0x000000000800348c       0x16 ./Drivers/STM32F7xx_HAL_Driver/Src/stm32f7xx_hal_cortex.o
                0x000000000800348c                HAL_NVIC_SetPriorityGrouping
 .text.HAL_NVIC_SetPriority
                0x00000000080034a2       0x38 ./Drivers/STM32F7xx_HAL_Driver/Src/stm32f7xx_hal_cortex.o
                0x00000000080034a2                HAL_NVIC_SetPriority
 .text.HAL_NVIC_EnableIRQ
                0x00000000080034da       0x1c ./Drivers/STM32F7xx_HAL_Driver/Src/stm32f7xx_hal_cortex.o
                0x00000000080034da                HAL_NVIC_EnableIRQ
 .text.HAL_SYSTICK_Config
                0x00000000080034f6       0x18 ./Drivers/STM32F7xx_HAL_Driver/Src/stm32f7xx_hal_cortex.o
                0x00000000080034f6                HAL_SYSTICK_Config
 *fill*         0x000000000800350e        0x2 
 .text.HAL_DMA_Init
                0x0000000008003510      0x15c ./Drivers/STM32F7xx_HAL_Driver/Src/stm32f7xx_hal_dma.o
                0x0000000008003510                HAL_DMA_Init
 .text.HAL_DMA_Start_IT
                0x000000000800366c       0xc0 ./Drivers/STM32F7xx_HAL_Driver/Src/stm32f7xx_hal_dma.o
                0x000000000800366c                HAL_DMA_Start_IT
 .text.HAL_DMA_Abort
                0x000000000800372c       0xe0 ./Drivers/STM32F7xx_HAL_Driver/Src/stm32f7xx_hal_dma.o
                0x000000000800372c                HAL_DMA_Abort
 .text.HAL_DMA_Abort_IT
                0x000000000800380c       0x44 ./Drivers/STM32F7xx_HAL_Driver/Src/stm32f7xx_hal_dma.o
                0x000000000800380c                HAL_DMA_Abort_IT
 .text.HAL_DMA_IRQHandler
                0x0000000008003850      0x314 ./Drivers/STM32F7xx_HAL_Driver/Src/stm32f7xx_hal_dma.o
                0x0000000008003850                HAL_DMA_IRQHandler
 .text.DMA_SetConfig
                0x0000000008003b64       0x5c ./Drivers/STM32F7xx_HAL_Driver/Src/stm32f7xx_hal_dma.o
 .text.DMA_CalcBaseAndBitshift
                0x0000000008003bc0       0x6c ./Drivers/STM32F7xx_HAL_Driver/Src/stm32f7xx_hal_dma.o
 .text.DMA_CheckFifoParam
                0x0000000008003c2c       0xf8 ./Drivers/STM32F7xx_HAL_Driver/Src/stm32f7xx_hal_dma.o
 .text.HAL_ETH_Init
                0x0000000008003d24       0xf8 ./Drivers/STM32F7xx_HAL_Driver/Src/stm32f7xx_hal_eth.o
                0x0000000008003d24                HAL_ETH_Init
 .text.ETH_SetMACConfig
                0x0000000008003e1c      0x160 ./Drivers/STM32F7xx_HAL_Driver/Src/stm32f7xx_hal_eth.o
 .text.ETH_SetDMAConfig
                0x0000000008003f7c      0x114 ./Drivers/STM32F7xx_HAL_Driver/Src/stm32f7xx_hal_eth.o
 .text.ETH_MACDMAConfig
                0x0000000008004090       0xe4 ./Drivers/STM32F7xx_HAL_Driver/Src/stm32f7xx_hal_eth.o
 .text.ETH_MACAddressConfig
                0x0000000008004174       0x70 ./Drivers/STM32F7xx_HAL_Driver/Src/stm32f7xx_hal_eth.o
 .text.ETH_DMATxDescListInit
                0x00000000080041e4       0xb2 ./Drivers/STM32F7xx_HAL_Driver/Src/stm32f7xx_hal_eth.o
 .text.ETH_DMARxDescListInit
                0x0000000008004296       0xda ./Drivers/STM32F7xx_HAL_Driver/Src/stm32f7xx_hal_eth.o
 .text.HAL_GPIO_Init
                0x0000000008004370      0x358 ./Drivers/STM32F7xx_HAL_Driver/Src/stm32f7xx_hal_gpio.o
                0x0000000008004370                HAL_GPIO_Init
 .text.HAL_GPIO_WritePin
                0x00000000080046c8       0x32 ./Drivers/STM32F7xx_HAL_Driver/Src/stm32f7xx_hal_gpio.o
                0x00000000080046c8                HAL_GPIO_WritePin
 .text.HAL_GPIO_TogglePin
                0x00000000080046fa       0x34 ./Drivers/STM32F7xx_HAL_Driver/Src/stm32f7xx_hal_gpio.o
                0x00000000080046fa                HAL_GPIO_TogglePin
 .text.HAL_PCD_Init
                0x000000000800472e      0x248 ./Drivers/STM32F7xx_HAL_Driver/Src/stm32f7xx_hal_pcd.o
                0x000000000800472e                HAL_PCD_Init
 *fill*         0x0000000008004976        0x2 
 .text.HAL_PCDEx_ActivateLPM
                0x0000000008004978       0x48 ./Drivers/STM32F7xx_HAL_Driver/Src/stm32f7xx_hal_pcd_ex.o
                0x0000000008004978                HAL_PCDEx_ActivateLPM
 .text.HAL_PWR_EnableBkUpAccess
                0x00000000080049c0       0x20 ./Drivers/STM32F7xx_HAL_Driver/Src/stm32f7xx_hal_pwr.o
                0x00000000080049c0                HAL_PWR_EnableBkUpAccess
 .text.HAL_PWREx_EnableOverDrive
                0x00000000080049e0       0xa0 ./Drivers/STM32F7xx_HAL_Driver/Src/stm32f7xx_hal_pwr_ex.o
                0x00000000080049e0                HAL_PWREx_EnableOverDrive
 .text.HAL_RCC_OscConfig
                0x0000000008004a80      0x548 ./Drivers/STM32F7xx_HAL_Driver/Src/stm32f7xx_hal_rcc.o
                0x0000000008004a80                HAL_RCC_OscConfig
 .text.HAL_RCC_ClockConfig
                0x0000000008004fc8      0x1d8 ./Drivers/STM32F7xx_HAL_Driver/Src/stm32f7xx_hal_rcc.o
                0x0000000008004fc8                HAL_RCC_ClockConfig
 .text.HAL_RCC_GetSysClockFreq
                0x00000000080051a0      0x20c ./Drivers/STM32F7xx_HAL_Driver/Src/stm32f7xx_hal_rcc.o
                0x00000000080051a0                HAL_RCC_GetSysClockFreq
 .text.HAL_RCC_GetHCLKFreq
                0x00000000080053ac       0x18 ./Drivers/STM32F7xx_HAL_Driver/Src/stm32f7xx_hal_rcc.o
                0x00000000080053ac                HAL_RCC_GetHCLKFreq
 .text.HAL_RCC_GetPCLK1Freq
                0x00000000080053c4       0x28 ./Drivers/STM32F7xx_HAL_Driver/Src/stm32f7xx_hal_rcc.o
                0x00000000080053c4                HAL_RCC_GetPCLK1Freq
 .text.HAL_RCC_GetPCLK2Freq
                0x00000000080053ec       0x28 ./Drivers/STM32F7xx_HAL_Driver/Src/stm32f7xx_hal_rcc.o
                0x00000000080053ec                HAL_RCC_GetPCLK2Freq
 .text.HAL_RCCEx_PeriphCLKConfig
                0x0000000008005414      0x7e0 ./Drivers/STM32F7xx_HAL_Driver/Src/stm32f7xx_hal_rcc_ex.o
                0x0000000008005414                HAL_RCCEx_PeriphCLKConfig
 .text.HAL_TIM_Base_Init
                0x0000000008005bf4       0xae ./Drivers/STM32F7xx_HAL_Driver/Src/stm32f7xx_hal_tim.o
                0x0000000008005bf4                HAL_TIM_Base_Init
 *fill*         0x0000000008005ca2        0x2 
 .text.HAL_TIM_Base_Start_IT
                0x0000000008005ca4       0xf0 ./Drivers/STM32F7xx_HAL_Driver/Src/stm32f7xx_hal_tim.o
                0x0000000008005ca4                HAL_TIM_Base_Start_IT
 .text.HAL_TIM_OC_Init
                0x0000000008005d94       0xae ./Drivers/STM32F7xx_HAL_Driver/Src/stm32f7xx_hal_tim.o
                0x0000000008005d94                HAL_TIM_OC_Init
 .text.HAL_TIM_OC_MspInit
                0x0000000008005e42       0x14 ./Drivers/STM32F7xx_HAL_Driver/Src/stm32f7xx_hal_tim.o
                0x0000000008005e42                HAL_TIM_OC_MspInit
 *fill*         0x0000000008005e56        0x2 
 .text.HAL_TIM_OC_Start_IT
                0x0000000008005e58      0x290 ./Drivers/STM32F7xx_HAL_Driver/Src/stm32f7xx_hal_tim.o
                0x0000000008005e58                HAL_TIM_OC_Start_IT
 .text.HAL_TIM_IRQHandler
                0x00000000080060e8      0x23e ./Drivers/STM32F7xx_HAL_Driver/Src/stm32f7xx_hal_tim.o
                0x00000000080060e8                HAL_TIM_IRQHandler
 *fill*         0x0000000008006326        0x2 
 .text.HAL_TIM_OC_ConfigChannel
                0x0000000008006328       0xf4 ./Drivers/STM32F7xx_HAL_Driver/Src/stm32f7xx_hal_tim.o
                0x0000000008006328                HAL_TIM_OC_ConfigChannel
 .text.HAL_TIM_ConfigClockSource
                0x000000000800641c      0x194 ./Drivers/STM32F7xx_HAL_Driver/Src/stm32f7xx_hal_tim.o
                0x000000000800641c                HAL_TIM_ConfigClockSource
 .text.HAL_TIM_PeriodElapsedCallback
                0x00000000080065b0       0x14 ./Drivers/STM32F7xx_HAL_Driver/Src/stm32f7xx_hal_tim.o
                0x00000000080065b0                HAL_TIM_PeriodElapsedCallback
 .text.HAL_TIM_OC_DelayElapsedCallback
                0x00000000080065c4       0x14 ./Drivers/STM32F7xx_HAL_Driver/Src/stm32f7xx_hal_tim.o
                0x00000000080065c4                HAL_TIM_OC_DelayElapsedCallback
 .text.HAL_TIM_IC_CaptureCallback
                0x00000000080065d8       0x14 ./Drivers/STM32F7xx_HAL_Driver/Src/stm32f7xx_hal_tim.o
                0x00000000080065d8                HAL_TIM_IC_CaptureCallback
 .text.HAL_TIM_PWM_PulseFinishedCallback
                0x00000000080065ec       0x14 ./Drivers/STM32F7xx_HAL_Driver/Src/stm32f7xx_hal_tim.o
                0x00000000080065ec                HAL_TIM_PWM_PulseFinishedCallback
 .text.HAL_TIM_TriggerCallback
                0x0000000008006600       0x14 ./Drivers/STM32F7xx_HAL_Driver/Src/stm32f7xx_hal_tim.o
                0x0000000008006600                HAL_TIM_TriggerCallback
 .text.TIM_Base_SetConfig
                0x0000000008006614      0x140 ./Drivers/STM32F7xx_HAL_Driver/Src/stm32f7xx_hal_tim.o
                0x0000000008006614                TIM_Base_SetConfig
 .text.TIM_OC1_SetConfig
                0x0000000008006754       0xe4 ./Drivers/STM32F7xx_HAL_Driver/Src/stm32f7xx_hal_tim.o
 .text.TIM_OC2_SetConfig
                0x0000000008006838       0xf0 ./Drivers/STM32F7xx_HAL_Driver/Src/stm32f7xx_hal_tim.o
                0x0000000008006838                TIM_OC2_SetConfig
 .text.TIM_OC3_SetConfig
                0x0000000008006928       0xec ./Drivers/STM32F7xx_HAL_Driver/Src/stm32f7xx_hal_tim.o
 .text.TIM_OC4_SetConfig
                0x0000000008006a14       0xb0 ./Drivers/STM32F7xx_HAL_Driver/Src/stm32f7xx_hal_tim.o
 .text.TIM_OC5_SetConfig
                0x0000000008006ac4       0xa4 ./Drivers/STM32F7xx_HAL_Driver/Src/stm32f7xx_hal_tim.o
 .text.TIM_OC6_SetConfig
                0x0000000008006b68       0xa8 ./Drivers/STM32F7xx_HAL_Driver/Src/stm32f7xx_hal_tim.o
 .text.TIM_TI1_ConfigInputStage
                0x0000000008006c10       0x5e ./Drivers/STM32F7xx_HAL_Driver/Src/stm32f7xx_hal_tim.o
 .text.TIM_TI2_ConfigInputStage
                0x0000000008006c6e       0x60 ./Drivers/STM32F7xx_HAL_Driver/Src/stm32f7xx_hal_tim.o
 .text.TIM_ITRx_SetConfig
                0x0000000008006cce       0x36 ./Drivers/STM32F7xx_HAL_Driver/Src/stm32f7xx_hal_tim.o
 .text.TIM_ETR_SetConfig
                0x0000000008006d04       0x40 ./Drivers/STM32F7xx_HAL_Driver/Src/stm32f7xx_hal_tim.o
                0x0000000008006d04                TIM_ETR_SetConfig
 .text.TIM_CCxChannelCmd
                0x0000000008006d44       0x4a ./Drivers/STM32F7xx_HAL_Driver/Src/stm32f7xx_hal_tim.o
                0x0000000008006d44                TIM_CCxChannelCmd
 *fill*         0x0000000008006d8e        0x2 
 .text.HAL_TIMEx_MasterConfigSynchronization
                0x0000000008006d90      0x11c ./Drivers/STM32F7xx_HAL_Driver/Src/stm32f7xx_hal_tim_ex.o
                0x0000000008006d90                HAL_TIMEx_MasterConfigSynchronization
 .text.HAL_TIMEx_CommutCallback
                0x0000000008006eac       0x14 ./Drivers/STM32F7xx_HAL_Driver/Src/stm32f7xx_hal_tim_ex.o
                0x0000000008006eac                HAL_TIMEx_CommutCallback
 .text.HAL_TIMEx_BreakCallback
                0x0000000008006ec0       0x14 ./Drivers/STM32F7xx_HAL_Driver/Src/stm32f7xx_hal_tim_ex.o
                0x0000000008006ec0                HAL_TIMEx_BreakCallback
 .text.HAL_TIMEx_Break2Callback
                0x0000000008006ed4       0x14 ./Drivers/STM32F7xx_HAL_Driver/Src/stm32f7xx_hal_tim_ex.o
                0x0000000008006ed4                HAL_TIMEx_Break2Callback
 .text.HAL_UART_Init
                0x0000000008006ee8       0x9c ./Drivers/STM32F7xx_HAL_Driver/Src/stm32f7xx_hal_uart.o
                0x0000000008006ee8                HAL_UART_Init
 .text.HAL_UART_Transmit
                0x0000000008006f84      0x106 ./Drivers/STM32F7xx_HAL_Driver/Src/stm32f7xx_hal_uart.o
                0x0000000008006f84                HAL_UART_Transmit
 *fill*         0x000000000800708a        0x2 
 .text.HAL_UART_Transmit_DMA
                0x000000000800708c       0xf8 ./Drivers/STM32F7xx_HAL_Driver/Src/stm32f7xx_hal_uart.o
                0x000000000800708c                HAL_UART_Transmit_DMA
 .text.HAL_UART_Receive_DMA
                0x0000000008007184       0x88 ./Drivers/STM32F7xx_HAL_Driver/Src/stm32f7xx_hal_uart.o
                0x0000000008007184                HAL_UART_Receive_DMA
 .text.HAL_UART_IRQHandler
                0x000000000800720c      0x5a4 ./Drivers/STM32F7xx_HAL_Driver/Src/stm32f7xx_hal_uart.o
                0x000000000800720c                HAL_UART_IRQHandler
 .text.HAL_UART_TxHalfCpltCallback
                0x00000000080077b0       0x14 ./Drivers/STM32F7xx_HAL_Driver/Src/stm32f7xx_hal_uart.o
                0x00000000080077b0                HAL_UART_TxHalfCpltCallback
 .text.HAL_UART_RxHalfCpltCallback
                0x00000000080077c4       0x14 ./Drivers/STM32F7xx_HAL_Driver/Src/stm32f7xx_hal_uart.o
                0x00000000080077c4                HAL_UART_RxHalfCpltCallback
 .text.HAL_UARTEx_RxEventCallback
                0x00000000080077d8       0x18 ./Drivers/STM32F7xx_HAL_Driver/Src/stm32f7xx_hal_uart.o
                0x00000000080077d8                HAL_UARTEx_RxEventCallback
 .text.UART_SetConfig
                0x00000000080077f0      0x4c8 ./Drivers/STM32F7xx_HAL_Driver/Src/stm32f7xx_hal_uart.o
                0x00000000080077f0                UART_SetConfig
 .text.UART_AdvFeatureConfig
                0x0000000008007cb8      0x144 ./Drivers/STM32F7xx_HAL_Driver/Src/stm32f7xx_hal_uart.o
                0x0000000008007cb8                UART_AdvFeatureConfig
 .text.UART_CheckIdleState
                0x0000000008007dfc       0x6e ./Drivers/STM32F7xx_HAL_Driver/Src/stm32f7xx_hal_uart.o
                0x0000000008007dfc                UART_CheckIdleState
 .text.UART_WaitOnFlagUntilTimeout
                0x0000000008007e6a      0x18c ./Drivers/STM32F7xx_HAL_Driver/Src/stm32f7xx_hal_uart.o
                0x0000000008007e6a                UART_WaitOnFlagUntilTimeout
 *fill*         0x0000000008007ff6        0x2 
 .text.UART_Start_Receive_DMA
                0x0000000008007ff8      0x140 ./Drivers/STM32F7xx_HAL_Driver/Src/stm32f7xx_hal_uart.o
                0x0000000008007ff8                UART_Start_Receive_DMA
 .text.UART_EndTxTransfer
                0x0000000008008138       0x4c ./Drivers/STM32F7xx_HAL_Driver/Src/stm32f7xx_hal_uart.o
 .text.UART_EndRxTransfer
                0x0000000008008184       0xc8 ./Drivers/STM32F7xx_HAL_Driver/Src/stm32f7xx_hal_uart.o
 .text.UART_DMATransmitCplt
                0x000000000800824c       0x96 ./Drivers/STM32F7xx_HAL_Driver/Src/stm32f7xx_hal_uart.o
 .text.UART_DMATxHalfCplt
                0x00000000080082e2       0x1c ./Drivers/STM32F7xx_HAL_Driver/Src/stm32f7xx_hal_uart.o
 .text.UART_DMAReceiveCplt
                0x00000000080082fe      0x128 ./Drivers/STM32F7xx_HAL_Driver/Src/stm32f7xx_hal_uart.o
 .text.UART_DMARxHalfCplt
                0x0000000008008426       0x3e ./Drivers/STM32F7xx_HAL_Driver/Src/stm32f7xx_hal_uart.o
 .text.UART_DMAError
                0x0000000008008464       0x7e ./Drivers/STM32F7xx_HAL_Driver/Src/stm32f7xx_hal_uart.o
 .text.UART_DMAAbortOnError
                0x00000000080084e2       0x2c ./Drivers/STM32F7xx_HAL_Driver/Src/stm32f7xx_hal_uart.o
 .text.UART_EndTransmit_IT
                0x000000000800850e       0x54 ./Drivers/STM32F7xx_HAL_Driver/Src/stm32f7xx_hal_uart.o
 *fill*         0x0000000008008562        0x2 
 .text.USB_CoreInit
                0x0000000008008564       0xb0 ./Drivers/STM32F7xx_HAL_Driver/Src/stm32f7xx_ll_usb.o
                0x0000000008008564                USB_CoreInit
 .text.USB_DisableGlobalInt
                0x0000000008008614       0x22 ./Drivers/STM32F7xx_HAL_Driver/Src/stm32f7xx_ll_usb.o
                0x0000000008008614                USB_DisableGlobalInt
 .text.USB_SetCurrentMode
                0x0000000008008636       0x98 ./Drivers/STM32F7xx_HAL_Driver/Src/stm32f7xx_ll_usb.o
                0x0000000008008636                USB_SetCurrentMode
 *fill*         0x00000000080086ce        0x2 
 .text.USB_DevInit
                0x00000000080086d0      0x2bc ./Drivers/STM32F7xx_HAL_Driver/Src/stm32f7xx_ll_usb.o
                0x00000000080086d0                USB_DevInit
 .text.USB_FlushTxFifo
                0x000000000800898c       0x68 ./Drivers/STM32F7xx_HAL_Driver/Src/stm32f7xx_ll_usb.o
                0x000000000800898c                USB_FlushTxFifo
 .text.USB_FlushRxFifo
                0x00000000080089f4       0x60 ./Drivers/STM32F7xx_HAL_Driver/Src/stm32f7xx_ll_usb.o
                0x00000000080089f4                USB_FlushRxFifo
 .text.USB_SetDevSpeed
                0x0000000008008a54       0x32 ./Drivers/STM32F7xx_HAL_Driver/Src/stm32f7xx_ll_usb.o
                0x0000000008008a54                USB_SetDevSpeed
 .text.USB_DevDisconnect
                0x0000000008008a86       0x42 ./Drivers/STM32F7xx_HAL_Driver/Src/stm32f7xx_ll_usb.o
                0x0000000008008a86                USB_DevDisconnect
 .text.USB_GetMode
                0x0000000008008ac8       0x1c ./Drivers/STM32F7xx_HAL_Driver/Src/stm32f7xx_ll_usb.o
                0x0000000008008ac8                USB_GetMode
 .text.USB_CoreReset
                0x0000000008008ae4       0x68 ./Drivers/STM32F7xx_HAL_Driver/Src/stm32f7xx_ll_usb.o
 .text.arm_rfft_fast_init_f32
                0x0000000008008b4c      0x168 C:\Users\thakk\STM32CubeIDE\workspace_1.13.1\stmf7\Lib\libarm_cortexM7lfsp_math.a(arm_rfft_fast_init_f32.o)
                0x0000000008008b4c                arm_rfft_fast_init_f32
 .text.arm_rfft_fast_f32
                0x0000000008008cb4      0x188 C:\Users\thakk\STM32CubeIDE\workspace_1.13.1\stmf7\Lib\libarm_cortexM7lfsp_math.a(arm_rfft_fast_f32.o)
                0x0000000008008cb4                arm_rfft_fast_f32
 .text.arm_cfft_radix8by2_f32
                0x0000000008008e3c      0x1a0 C:\Users\thakk\STM32CubeIDE\workspace_1.13.1\stmf7\Lib\libarm_cortexM7lfsp_math.a(arm_cfft_f32.o)
                0x0000000008008e3c                arm_cfft_radix8by2_f32
 .text.arm_cfft_radix8by4_f32
                0x0000000008008fdc      0x4b0 C:\Users\thakk\STM32CubeIDE\workspace_1.13.1\stmf7\Lib\libarm_cortexM7lfsp_math.a(arm_cfft_f32.o)
                0x0000000008008fdc                arm_cfft_radix8by4_f32
 .text.arm_cfft_f32
                0x000000000800948c       0xf0 C:\Users\thakk\STM32CubeIDE\workspace_1.13.1\stmf7\Lib\libarm_cortexM7lfsp_math.a(arm_cfft_f32.o)
                0x000000000800948c                arm_cfft_f32
 .text.arm_radix8_butterfly_f32
                0x000000000800957c      0x5e4 C:\Users\thakk\STM32CubeIDE\workspace_1.13.1\stmf7\Lib\libarm_cortexM7lfsp_math.a(arm_cfft_radix8_f32.o)
                0x000000000800957c                arm_radix8_butterfly_f32
 .text.__cvt    0x0000000008009b60       0xc4 C:/ST/STM32CubeIDE_1.13.1/STM32CubeIDE/plugins/com.st.stm32cube.ide.mcu.externaltools.gnu-tools-for-stm32.11.3.rel1.win32_1.1.0.202305231506/tools/bin/../lib/gcc/arm-none-eabi/11.3.1/../../../../arm-none-eabi/lib/thumb/v7e-m+fp/hard\libc_nano.a(libc_a-nano-vfprintf_float.o)
                0x0000000008009b60                __cvt
 .text.__exponent
                0x0000000008009c24       0x7c C:/ST/STM32CubeIDE_1.13.1/STM32CubeIDE/plugins/com.st.stm32cube.ide.mcu.externaltools.gnu-tools-for-stm32.11.3.rel1.win32_1.1.0.202305231506/tools/bin/../lib/gcc/arm-none-eabi/11.3.1/../../../../arm-none-eabi/lib/thumb/v7e-m+fp/hard\libc_nano.a(libc_a-nano-vfprintf_float.o)
                0x0000000008009c24                __exponent
 .text._printf_float
                0x0000000008009ca0      0x46c C:/ST/STM32CubeIDE_1.13.1/STM32CubeIDE/plugins/com.st.stm32cube.ide.mcu.externaltools.gnu-tools-for-stm32.11.3.rel1.win32_1.1.0.202305231506/tools/bin/../lib/gcc/arm-none-eabi/11.3.1/../../../../arm-none-eabi/lib/thumb/v7e-m+fp/hard\libc_nano.a(libc_a-nano-vfprintf_float.o)
                0x0000000008009ca0                _printf_float
 .text._printf_common
                0x000000000800a10c       0xda C:/ST/STM32CubeIDE_1.13.1/STM32CubeIDE/plugins/com.st.stm32cube.ide.mcu.externaltools.gnu-tools-for-stm32.11.3.rel1.win32_1.1.0.202305231506/tools/bin/../lib/gcc/arm-none-eabi/11.3.1/../../../../arm-none-eabi/lib/thumb/v7e-m+fp/hard\libc_nano.a(libc_a-nano-vfprintf_i.o)
                0x000000000800a10c                _printf_common
 *fill*         0x000000000800a1e6        0x2 
 .text._printf_i
                0x000000000800a1e8      0x244 C:/ST/STM32CubeIDE_1.13.1/STM32CubeIDE/plugins/com.st.stm32cube.ide.mcu.externaltools.gnu-tools-for-stm32.11.3.rel1.win32_1.1.0.202305231506/tools/bin/../lib/gcc/arm-none-eabi/11.3.1/../../../../arm-none-eabi/lib/thumb/v7e-m+fp/hard\libc_nano.a(libc_a-nano-vfprintf_i.o)
                0x000000000800a1e8                _printf_i
 .text.std      0x000000000800a42c       0x48 C:/ST/STM32CubeIDE_1.13.1/STM32CubeIDE/plugins/com.st.stm32cube.ide.mcu.externaltools.gnu-tools-for-stm32.11.3.rel1.win32_1.1.0.202305231506/tools/bin/../lib/gcc/arm-none-eabi/11.3.1/../../../../arm-none-eabi/lib/thumb/v7e-m+fp/hard\libc_nano.a(libc_a-findfp.o)
 .text.stdio_exit_handler
                0x000000000800a474       0x18 C:/ST/STM32CubeIDE_1.13.1/STM32CubeIDE/plugins/com.st.stm32cube.ide.mcu.externaltools.gnu-tools-for-stm32.11.3.rel1.win32_1.1.0.202305231506/tools/bin/../lib/gcc/arm-none-eabi/11.3.1/../../../../arm-none-eabi/lib/thumb/v7e-m+fp/hard\libc_nano.a(libc_a-findfp.o)
 .text.cleanup_stdio
                0x000000000800a48c       0x40 C:/ST/STM32CubeIDE_1.13.1/STM32CubeIDE/plugins/com.st.stm32cube.ide.mcu.externaltools.gnu-tools-for-stm32.11.3.rel1.win32_1.1.0.202305231506/tools/bin/../lib/gcc/arm-none-eabi/11.3.1/../../../../arm-none-eabi/lib/thumb/v7e-m+fp/hard\libc_nano.a(libc_a-findfp.o)
 .text.global_stdio_init.part.0
                0x000000000800a4cc       0x3c C:/ST/STM32CubeIDE_1.13.1/STM32CubeIDE/plugins/com.st.stm32cube.ide.mcu.externaltools.gnu-tools-for-stm32.11.3.rel1.win32_1.1.0.202305231506/tools/bin/../lib/gcc/arm-none-eabi/11.3.1/../../../../arm-none-eabi/lib/thumb/v7e-m+fp/hard\libc_nano.a(libc_a-findfp.o)
 .text.__sfp_lock_acquire
                0x000000000800a508        0xc C:/ST/STM32CubeIDE_1.13.1/STM32CubeIDE/plugins/com.st.stm32cube.ide.mcu.externaltools.gnu-tools-for-stm32.11.3.rel1.win32_1.1.0.202305231506/tools/bin/../lib/gcc/arm-none-eabi/11.3.1/../../../../arm-none-eabi/lib/thumb/v7e-m+fp/hard\libc_nano.a(libc_a-findfp.o)
                0x000000000800a508                __sfp_lock_acquire
 .text.__sfp_lock_release
                0x000000000800a514        0xc C:/ST/STM32CubeIDE_1.13.1/STM32CubeIDE/plugins/com.st.stm32cube.ide.mcu.externaltools.gnu-tools-for-stm32.11.3.rel1.win32_1.1.0.202305231506/tools/bin/../lib/gcc/arm-none-eabi/11.3.1/../../../../arm-none-eabi/lib/thumb/v7e-m+fp/hard\libc_nano.a(libc_a-findfp.o)
                0x000000000800a514                __sfp_lock_release
 .text.__sinit  0x000000000800a520       0x30 C:/ST/STM32CubeIDE_1.13.1/STM32CubeIDE/plugins/com.st.stm32cube.ide.mcu.externaltools.gnu-tools-for-stm32.11.3.rel1.win32_1.1.0.202305231506/tools/bin/../lib/gcc/arm-none-eabi/11.3.1/../../../../arm-none-eabi/lib/thumb/v7e-m+fp/hard\libc_nano.a(libc_a-findfp.o)
                0x000000000800a520                __sinit
 .text._fwalk_sglue
                0x000000000800a550       0x3c C:/ST/STM32CubeIDE_1.13.1/STM32CubeIDE/plugins/com.st.stm32cube.ide.mcu.externaltools.gnu-tools-for-stm32.11.3.rel1.win32_1.1.0.202305231506/tools/bin/../lib/gcc/arm-none-eabi/11.3.1/../../../../arm-none-eabi/lib/thumb/v7e-m+fp/hard\libc_nano.a(libc_a-fwalk.o)
                0x000000000800a550                _fwalk_sglue
 .text.snprintf
                0x000000000800a58c       0x68 C:/ST/STM32CubeIDE_1.13.1/STM32CubeIDE/plugins/com.st.stm32cube.ide.mcu.externaltools.gnu-tools-for-stm32.11.3.rel1.win32_1.1.0.202305231506/tools/bin/../lib/gcc/arm-none-eabi/11.3.1/../../../../arm-none-eabi/lib/thumb/v7e-m+fp/hard\libc_nano.a(libc_a-snprintf.o)
                0x000000000800a58c                sniprintf
                0x000000000800a58c                snprintf
 .text.sprintf  0x000000000800a5f4       0x40 C:/ST/STM32CubeIDE_1.13.1/STM32CubeIDE/plugins/com.st.stm32cube.ide.mcu.externaltools.gnu-tools-for-stm32.11.3.rel1.win32_1.1.0.202305231506/tools/bin/../lib/gcc/arm-none-eabi/11.3.1/../../../../arm-none-eabi/lib/thumb/v7e-m+fp/hard\libc_nano.a(libc_a-sprintf.o)
                0x000000000800a5f4                siprintf
                0x000000000800a5f4                sprintf
 .text.__sread  0x000000000800a634       0x22 C:/ST/STM32CubeIDE_1.13.1/STM32CubeIDE/plugins/com.st.stm32cube.ide.mcu.externaltools.gnu-tools-for-stm32.11.3.rel1.win32_1.1.0.202305231506/tools/bin/../lib/gcc/arm-none-eabi/11.3.1/../../../../arm-none-eabi/lib/thumb/v7e-m+fp/hard\libc_nano.a(libc_a-stdio.o)
                0x000000000800a634                __sread
 .text.__swrite
                0x000000000800a656       0x38 C:/ST/STM32CubeIDE_1.13.1/STM32CubeIDE/plugins/com.st.stm32cube.ide.mcu.externaltools.gnu-tools-for-stm32.11.3.rel1.win32_1.1.0.202305231506/tools/bin/../lib/gcc/arm-none-eabi/11.3.1/../../../../arm-none-eabi/lib/thumb/v7e-m+fp/hard\libc_nano.a(libc_a-stdio.o)
                0x000000000800a656                __swrite
 .text.__sseek  0x000000000800a68e       0x24 C:/ST/STM32CubeIDE_1.13.1/STM32CubeIDE/plugins/com.st.stm32cube.ide.mcu.externaltools.gnu-tools-for-stm32.11.3.rel1.win32_1.1.0.202305231506/tools/bin/../lib/gcc/arm-none-eabi/11.3.1/../../../../arm-none-eabi/lib/thumb/v7e-m+fp/hard\libc_nano.a(libc_a-stdio.o)
                0x000000000800a68e                __sseek
 .text.__sclose
                0x000000000800a6b2        0x8 C:/ST/STM32CubeIDE_1.13.1/STM32CubeIDE/plugins/com.st.stm32cube.ide.mcu.externaltools.gnu-tools-for-stm32.11.3.rel1.win32_1.1.0.202305231506/tools/bin/../lib/gcc/arm-none-eabi/11.3.1/../../../../arm-none-eabi/lib/thumb/v7e-m+fp/hard\libc_nano.a(libc_a-stdio.o)
                0x000000000800a6b2                __sclose
 .text.memset   0x000000000800a6ba       0x10 C:/ST/STM32CubeIDE_1.13.1/STM32CubeIDE/plugins/com.st.stm32cube.ide.mcu.externaltools.gnu-tools-for-stm32.11.3.rel1.win32_1.1.0.202305231506/tools/bin/../lib/gcc/arm-none-eabi/11.3.1/../../../../arm-none-eabi/lib/thumb/v7e-m+fp/hard\libc_nano.a(libc_a-memset.o)
                0x000000000800a6ba                memset
 *fill*         0x000000000800a6ca        0x2 
 .text._localeconv_r
                0x000000000800a6cc        0x8 C:/ST/STM32CubeIDE_1.13.1/STM32CubeIDE/plugins/com.st.stm32cube.ide.mcu.externaltools.gnu-tools-for-stm32.11.3.rel1.win32_1.1.0.202305231506/tools/bin/../lib/gcc/arm-none-eabi/11.3.1/../../../../arm-none-eabi/lib/thumb/v7e-m+fp/hard\libc_nano.a(libc_a-localeconv.o)
                0x000000000800a6cc                _localeconv_r
 .text._close_r
                0x000000000800a6d4       0x20 C:/ST/STM32CubeIDE_1.13.1/STM32CubeIDE/plugins/com.st.stm32cube.ide.mcu.externaltools.gnu-tools-for-stm32.11.3.rel1.win32_1.1.0.202305231506/tools/bin/../lib/gcc/arm-none-eabi/11.3.1/../../../../arm-none-eabi/lib/thumb/v7e-m+fp/hard\libc_nano.a(libc_a-closer.o)
                0x000000000800a6d4                _close_r
 .text._lseek_r
                0x000000000800a6f4       0x24 C:/ST/STM32CubeIDE_1.13.1/STM32CubeIDE/plugins/com.st.stm32cube.ide.mcu.externaltools.gnu-tools-for-stm32.11.3.rel1.win32_1.1.0.202305231506/tools/bin/../lib/gcc/arm-none-eabi/11.3.1/../../../../arm-none-eabi/lib/thumb/v7e-m+fp/hard\libc_nano.a(libc_a-lseekr.o)
                0x000000000800a6f4                _lseek_r
 .text._read_r  0x000000000800a718       0x24 C:/ST/STM32CubeIDE_1.13.1/STM32CubeIDE/plugins/com.st.stm32cube.ide.mcu.externaltools.gnu-tools-for-stm32.11.3.rel1.win32_1.1.0.202305231506/tools/bin/../lib/gcc/arm-none-eabi/11.3.1/../../../../arm-none-eabi/lib/thumb/v7e-m+fp/hard\libc_nano.a(libc_a-readr.o)
                0x000000000800a718                _read_r
 .text._write_r
                0x000000000800a73c       0x24 C:/ST/STM32CubeIDE_1.13.1/STM32CubeIDE/plugins/com.st.stm32cube.ide.mcu.externaltools.gnu-tools-for-stm32.11.3.rel1.win32_1.1.0.202305231506/tools/bin/../lib/gcc/arm-none-eabi/11.3.1/../../../../arm-none-eabi/lib/thumb/v7e-m+fp/hard\libc_nano.a(libc_a-writer.o)
                0x000000000800a73c                _write_r
 .text.__errno  0x000000000800a760        0xc C:/ST/STM32CubeIDE_1.13.1/STM32CubeIDE/plugins/com.st.stm32cube.ide.mcu.externaltools.gnu-tools-for-stm32.11.3.rel1.win32_1.1.0.202305231506/tools/bin/../lib/gcc/arm-none-eabi/11.3.1/../../../../arm-none-eabi/lib/thumb/v7e-m+fp/hard\libc_nano.a(libc_a-errno.o)
                0x000000000800a760                __errno
 .text.__libc_init_array
                0x000000000800a76c       0x48 C:/ST/STM32CubeIDE_1.13.1/STM32CubeIDE/plugins/com.st.stm32cube.ide.mcu.externaltools.gnu-tools-for-stm32.11.3.rel1.win32_1.1.0.202305231506/tools/bin/../lib/gcc/arm-none-eabi/11.3.1/../../../../arm-none-eabi/lib/thumb/v7e-m+fp/hard\libc_nano.a(libc_a-init.o)
                0x000000000800a76c                __libc_init_array
 .text.__retarget_lock_acquire_recursive
                0x000000000800a7b4        0x2 C:/ST/STM32CubeIDE_1.13.1/STM32CubeIDE/plugins/com.st.stm32cube.ide.mcu.externaltools.gnu-tools-for-stm32.11.3.rel1.win32_1.1.0.202305231506/tools/bin/../lib/gcc/arm-none-eabi/11.3.1/../../../../arm-none-eabi/lib/thumb/v7e-m+fp/hard\libc_nano.a(libc_a-lock.o)
                0x000000000800a7b4                __retarget_lock_acquire_recursive
 .text.__retarget_lock_release_recursive
                0x000000000800a7b6        0x2 C:/ST/STM32CubeIDE_1.13.1/STM32CubeIDE/plugins/com.st.stm32cube.ide.mcu.externaltools.gnu-tools-for-stm32.11.3.rel1.win32_1.1.0.202305231506/tools/bin/../lib/gcc/arm-none-eabi/11.3.1/../../../../arm-none-eabi/lib/thumb/v7e-m+fp/hard\libc_nano.a(libc_a-lock.o)
                0x000000000800a7b6                __retarget_lock_release_recursive
 .text.quorem   0x000000000800a7b8      0x110 C:/ST/STM32CubeIDE_1.13.1/STM32CubeIDE/plugins/com.st.stm32cube.ide.mcu.externaltools.gnu-tools-for-stm32.11.3.rel1.win32_1.1.0.202305231506/tools/bin/../lib/gcc/arm-none-eabi/11.3.1/../../../../arm-none-eabi/lib/thumb/v7e-m+fp/hard\libc_nano.a(libc_a-dtoa.o)
 .text._dtoa_r  0x000000000800a8c8      0xbe4 C:/ST/STM32CubeIDE_1.13.1/STM32CubeIDE/plugins/com.st.stm32cube.ide.mcu.externaltools.gnu-tools-for-stm32.11.3.rel1.win32_1.1.0.202305231506/tools/bin/../lib/gcc/arm-none-eabi/11.3.1/../../../../arm-none-eabi/lib/thumb/v7e-m+fp/hard\libc_nano.a(libc_a-dtoa.o)
                0x000000000800a8c8                _dtoa_r
 .text._free_r  0x000000000800b4ac       0x98 C:/ST/STM32CubeIDE_1.13.1/STM32CubeIDE/plugins/com.st.stm32cube.ide.mcu.externaltools.gnu-tools-for-stm32.11.3.rel1.win32_1.1.0.202305231506/tools/bin/../lib/gcc/arm-none-eabi/11.3.1/../../../../arm-none-eabi/lib/thumb/v7e-m+fp/hard\libc_nano.a(libc_a-freer.o)
                0x000000000800b4ac                _free_r
 .text.malloc   0x000000000800b544       0x10 C:/ST/STM32CubeIDE_1.13.1/STM32CubeIDE/plugins/com.st.stm32cube.ide.mcu.externaltools.gnu-tools-for-stm32.11.3.rel1.win32_1.1.0.202305231506/tools/bin/../lib/gcc/arm-none-eabi/11.3.1/../../../../arm-none-eabi/lib/thumb/v7e-m+fp/hard\libc_nano.a(libc_a-malloc.o)
                0x000000000800b544                malloc
 .text.sbrk_aligned
                0x000000000800b554       0x40 C:/ST/STM32CubeIDE_1.13.1/STM32CubeIDE/plugins/com.st.stm32cube.ide.mcu.externaltools.gnu-tools-for-stm32.11.3.rel1.win32_1.1.0.202305231506/tools/bin/../lib/gcc/arm-none-eabi/11.3.1/../../../../arm-none-eabi/lib/thumb/v7e-m+fp/hard\libc_nano.a(libc_a-mallocr.o)
 .text._malloc_r
                0x000000000800b594      0x100 C:/ST/STM32CubeIDE_1.13.1/STM32CubeIDE/plugins/com.st.stm32cube.ide.mcu.externaltools.gnu-tools-for-stm32.11.3.rel1.win32_1.1.0.202305231506/tools/bin/../lib/gcc/arm-none-eabi/11.3.1/../../../../arm-none-eabi/lib/thumb/v7e-m+fp/hard\libc_nano.a(libc_a-mallocr.o)
                0x000000000800b594                _malloc_r
 .text.__malloc_lock
                0x000000000800b694        0xc C:/ST/STM32CubeIDE_1.13.1/STM32CubeIDE/plugins/com.st.stm32cube.ide.mcu.externaltools.gnu-tools-for-stm32.11.3.rel1.win32_1.1.0.202305231506/tools/bin/../lib/gcc/arm-none-eabi/11.3.1/../../../../arm-none-eabi/lib/thumb/v7e-m+fp/hard\libc_nano.a(libc_a-mlock.o)
                0x000000000800b694                __malloc_lock
 .text.__malloc_unlock
                0x000000000800b6a0        0xc C:/ST/STM32CubeIDE_1.13.1/STM32CubeIDE/plugins/com.st.stm32cube.ide.mcu.externaltools.gnu-tools-for-stm32.11.3.rel1.win32_1.1.0.202305231506/tools/bin/../lib/gcc/arm-none-eabi/11.3.1/../../../../arm-none-eabi/lib/thumb/v7e-m+fp/hard\libc_nano.a(libc_a-mlock.o)
                0x000000000800b6a0                __malloc_unlock
 .text._Balloc  0x000000000800b6ac       0x80 C:/ST/STM32CubeIDE_1.13.1/STM32CubeIDE/plugins/com.st.stm32cube.ide.mcu.externaltools.gnu-tools-for-stm32.11.3.rel1.win32_1.1.0.202305231506/tools/bin/../lib/gcc/arm-none-eabi/11.3.1/../../../../arm-none-eabi/lib/thumb/v7e-m+fp/hard\libc_nano.a(libc_a-mprec.o)
                0x000000000800b6ac                _Balloc
 .text._Bfree   0x000000000800b72c       0x44 C:/ST/STM32CubeIDE_1.13.1/STM32CubeIDE/plugins/com.st.stm32cube.ide.mcu.externaltools.gnu-tools-for-stm32.11.3.rel1.win32_1.1.0.202305231506/tools/bin/../lib/gcc/arm-none-eabi/11.3.1/../../../../arm-none-eabi/lib/thumb/v7e-m+fp/hard\libc_nano.a(libc_a-mprec.o)
                0x000000000800b72c                _Bfree
 .text.__multadd
                0x000000000800b770       0x8c C:/ST/STM32CubeIDE_1.13.1/STM32CubeIDE/plugins/com.st.stm32cube.ide.mcu.externaltools.gnu-tools-for-stm32.11.3.rel1.win32_1.1.0.202305231506/tools/bin/../lib/gcc/arm-none-eabi/11.3.1/../../../../arm-none-eabi/lib/thumb/v7e-m+fp/hard\libc_nano.a(libc_a-mprec.o)
                0x000000000800b770                __multadd
 .text.__hi0bits
                0x000000000800b7fc       0x40 C:/ST/STM32CubeIDE_1.13.1/STM32CubeIDE/plugins/com.st.stm32cube.ide.mcu.externaltools.gnu-tools-for-stm32.11.3.rel1.win32_1.1.0.202305231506/tools/bin/../lib/gcc/arm-none-eabi/11.3.1/../../../../arm-none-eabi/lib/thumb/v7e-m+fp/hard\libc_nano.a(libc_a-mprec.o)
                0x000000000800b7fc                __hi0bits
 .text.__lo0bits
                0x000000000800b83c       0x5a C:/ST/STM32CubeIDE_1.13.1/STM32CubeIDE/plugins/com.st.stm32cube.ide.mcu.externaltools.gnu-tools-for-stm32.11.3.rel1.win32_1.1.0.202305231506/tools/bin/../lib/gcc/arm-none-eabi/11.3.1/../../../../arm-none-eabi/lib/thumb/v7e-m+fp/hard\libc_nano.a(libc_a-mprec.o)
                0x000000000800b83c                __lo0bits
 *fill*         0x000000000800b896        0x2 
 .text.__i2b    0x000000000800b898       0x2c C:/ST/STM32CubeIDE_1.13.1/STM32CubeIDE/plugins/com.st.stm32cube.ide.mcu.externaltools.gnu-tools-for-stm32.11.3.rel1.win32_1.1.0.202305231506/tools/bin/../lib/gcc/arm-none-eabi/11.3.1/../../../../arm-none-eabi/lib/thumb/v7e-m+fp/hard\libc_nano.a(libc_a-mprec.o)
                0x000000000800b898                __i2b
 .text.__multiply
                0x000000000800b8c4      0x154 C:/ST/STM32CubeIDE_1.13.1/STM32CubeIDE/plugins/com.st.stm32cube.ide.mcu.externaltools.gnu-tools-for-stm32.11.3.rel1.win32_1.1.0.202305231506/tools/bin/../lib/gcc/arm-none-eabi/11.3.1/../../../../arm-none-eabi/lib/thumb/v7e-m+fp/hard\libc_nano.a(libc_a-mprec.o)
                0x000000000800b8c4                __multiply
 .text.__pow5mult
                0x000000000800ba18       0xb4 C:/ST/STM32CubeIDE_1.13.1/STM32CubeIDE/plugins/com.st.stm32cube.ide.mcu.externaltools.gnu-tools-for-stm32.11.3.rel1.win32_1.1.0.202305231506/tools/bin/../lib/gcc/arm-none-eabi/11.3.1/../../../../arm-none-eabi/lib/thumb/v7e-m+fp/hard\libc_nano.a(libc_a-mprec.o)
                0x000000000800ba18                __pow5mult
 .text.__lshift
                0x000000000800bacc       0xd8 C:/ST/STM32CubeIDE_1.13.1/STM32CubeIDE/plugins/com.st.stm32cube.ide.mcu.externaltools.gnu-tools-for-stm32.11.3.rel1.win32_1.1.0.202305231506/tools/bin/../lib/gcc/arm-none-eabi/11.3.1/../../../../arm-none-eabi/lib/thumb/v7e-m+fp/hard\libc_nano.a(libc_a-mprec.o)
                0x000000000800bacc                __lshift
 .text.__mcmp   0x000000000800bba4       0x38 C:/ST/STM32CubeIDE_1.13.1/STM32CubeIDE/plugins/com.st.stm32cube.ide.mcu.externaltools.gnu-tools-for-stm32.11.3.rel1.win32_1.1.0.202305231506/tools/bin/../lib/gcc/arm-none-eabi/11.3.1/../../../../arm-none-eabi/lib/thumb/v7e-m+fp/hard\libc_nano.a(libc_a-mprec.o)
                0x000000000800bba4                __mcmp
 .text.__mdiff  0x000000000800bbdc      0x114 C:/ST/STM32CubeIDE_1.13.1/STM32CubeIDE/plugins/com.st.stm32cube.ide.mcu.externaltools.gnu-tools-for-stm32.11.3.rel1.win32_1.1.0.202305231506/tools/bin/../lib/gcc/arm-none-eabi/11.3.1/../../../../arm-none-eabi/lib/thumb/v7e-m+fp/hard\libc_nano.a(libc_a-mprec.o)
                0x000000000800bbdc                __mdiff
 .text.__d2b    0x000000000800bcf0       0xb4 C:/ST/STM32CubeIDE_1.13.1/STM32CubeIDE/plugins/com.st.stm32cube.ide.mcu.externaltools.gnu-tools-for-stm32.11.3.rel1.win32_1.1.0.202305231506/tools/bin/../lib/gcc/arm-none-eabi/11.3.1/../../../../arm-none-eabi/lib/thumb/v7e-m+fp/hard\libc_nano.a(libc_a-mprec.o)
                0x000000000800bcf0                __d2b
 .text.__ssputs_r
                0x000000000800bda4       0xb4 C:/ST/STM32CubeIDE_1.13.1/STM32CubeIDE/plugins/com.st.stm32cube.ide.mcu.externaltools.gnu-tools-for-stm32.11.3.rel1.win32_1.1.0.202305231506/tools/bin/../lib/gcc/arm-none-eabi/11.3.1/../../../../arm-none-eabi/lib/thumb/v7e-m+fp/hard\libc_nano.a(libc_a-nano-svfprintf.o)
                0x000000000800bda4                __ssputs_r
 .text._svfprintf_r
                0x000000000800be58      0x1fc C:/ST/STM32CubeIDE_1.13.1/STM32CubeIDE/plugins/com.st.stm32cube.ide.mcu.externaltools.gnu-tools-for-stm32.11.3.rel1.win32_1.1.0.202305231506/tools/bin/../lib/gcc/arm-none-eabi/11.3.1/../../../../arm-none-eabi/lib/thumb/v7e-m+fp/hard\libc_nano.a(libc_a-nano-svfprintf.o)
                0x000000000800be58                _svfiprintf_r
                0x000000000800be58                _svfprintf_r
 .text.__sflush_r
                0x000000000800c054      0x10c C:/ST/STM32CubeIDE_1.13.1/STM32CubeIDE/plugins/com.st.stm32cube.ide.mcu.externaltools.gnu-tools-for-stm32.11.3.rel1.win32_1.1.0.202305231506/tools/bin/../lib/gcc/arm-none-eabi/11.3.1/../../../../arm-none-eabi/lib/thumb/v7e-m+fp/hard\libc_nano.a(libc_a-fflush.o)
                0x000000000800c054                __sflush_r
 .text._fflush_r
                0x000000000800c160       0x50 C:/ST/STM32CubeIDE_1.13.1/STM32CubeIDE/plugins/com.st.stm32cube.ide.mcu.externaltools.gnu-tools-for-stm32.11.3.rel1.win32_1.1.0.202305231506/tools/bin/../lib/gcc/arm-none-eabi/11.3.1/../../../../arm-none-eabi/lib/thumb/v7e-m+fp/hard\libc_nano.a(libc_a-fflush.o)
                0x000000000800c160                _fflush_r
 .text.memmove  0x000000000800c1b0       0x34 C:/ST/STM32CubeIDE_1.13.1/STM32CubeIDE/plugins/com.st.stm32cube.ide.mcu.externaltools.gnu-tools-for-stm32.11.3.rel1.win32_1.1.0.202305231506/tools/bin/../lib/gcc/arm-none-eabi/11.3.1/../../../../arm-none-eabi/lib/thumb/v7e-m+fp/hard\libc_nano.a(libc_a-memmove.o)
                0x000000000800c1b0                memmove
 .text._sbrk_r  0x000000000800c1e4       0x20 C:/ST/STM32CubeIDE_1.13.1/STM32CubeIDE/plugins/com.st.stm32cube.ide.mcu.externaltools.gnu-tools-for-stm32.11.3.rel1.win32_1.1.0.202305231506/tools/bin/../lib/gcc/arm-none-eabi/11.3.1/../../../../arm-none-eabi/lib/thumb/v7e-m+fp/hard\libc_nano.a(libc_a-sbrkr.o)
                0x000000000800c1e4                _sbrk_r
 .text.memcpy   0x000000000800c204       0x1c C:/ST/STM32CubeIDE_1.13.1/STM32CubeIDE/plugins/com.st.stm32cube.ide.mcu.externaltools.gnu-tools-for-stm32.11.3.rel1.win32_1.1.0.202305231506/tools/bin/../lib/gcc/arm-none-eabi/11.3.1/../../../../arm-none-eabi/lib/thumb/v7e-m+fp/hard\libc_nano.a(libc_a-memcpy-stub.o)
                0x000000000800c204                memcpy
 .text.__assert_func
                0x000000000800c220       0x3c C:/ST/STM32CubeIDE_1.13.1/STM32CubeIDE/plugins/com.st.stm32cube.ide.mcu.externaltools.gnu-tools-for-stm32.11.3.rel1.win32_1.1.0.202305231506/tools/bin/../lib/gcc/arm-none-eabi/11.3.1/../../../../arm-none-eabi/lib/thumb/v7e-m+fp/hard\libc_nano.a(libc_a-assert.o)
                0x000000000800c220                __assert_func
 .text._calloc_r
                0x000000000800c25c       0x2c C:/ST/STM32CubeIDE_1.13.1/STM32CubeIDE/plugins/com.st.stm32cube.ide.mcu.externaltools.gnu-tools-for-stm32.11.3.rel1.win32_1.1.0.202305231506/tools/bin/../lib/gcc/arm-none-eabi/11.3.1/../../../../arm-none-eabi/lib/thumb/v7e-m+fp/hard\libc_nano.a(libc_a-callocr.o)
                0x000000000800c25c                _calloc_r
 .text.__ascii_mbtowc
                0x000000000800c288       0x24 C:/ST/STM32CubeIDE_1.13.1/STM32CubeIDE/plugins/com.st.stm32cube.ide.mcu.externaltools.gnu-tools-for-stm32.11.3.rel1.win32_1.1.0.202305231506/tools/bin/../lib/gcc/arm-none-eabi/11.3.1/../../../../arm-none-eabi/lib/thumb/v7e-m+fp/hard\libc_nano.a(libc_a-mbtowc_r.o)
                0x000000000800c288                __ascii_mbtowc
 .text._realloc_r
                0x000000000800c2ac       0x5e C:/ST/STM32CubeIDE_1.13.1/STM32CubeIDE/plugins/com.st.stm32cube.ide.mcu.externaltools.gnu-tools-for-stm32.11.3.rel1.win32_1.1.0.202305231506/tools/bin/../lib/gcc/arm-none-eabi/11.3.1/../../../../arm-none-eabi/lib/thumb/v7e-m+fp/hard\libc_nano.a(libc_a-reallocr.o)
                0x000000000800c2ac                _realloc_r
 .text.__ascii_wctomb
                0x000000000800c30a       0x1a C:/ST/STM32CubeIDE_1.13.1/STM32CubeIDE/plugins/com.st.stm32cube.ide.mcu.externaltools.gnu-tools-for-stm32.11.3.rel1.win32_1.1.0.202305231506/tools/bin/../lib/gcc/arm-none-eabi/11.3.1/../../../../arm-none-eabi/lib/thumb/v7e-m+fp/hard\libc_nano.a(libc_a-wctomb_r.o)
                0x000000000800c30a                __ascii_wctomb
 .text.fprintf  0x000000000800c324       0x24 C:/ST/STM32CubeIDE_1.13.1/STM32CubeIDE/plugins/com.st.stm32cube.ide.mcu.externaltools.gnu-tools-for-stm32.11.3.rel1.win32_1.1.0.202305231506/tools/bin/../lib/gcc/arm-none-eabi/11.3.1/../../../../arm-none-eabi/lib/thumb/v7e-m+fp/hard\libc_nano.a(libc_a-fprintf.o)
                0x000000000800c324                fiprintf
                0x000000000800c324                fprintf
 .text.abort    0x000000000800c348        0xe C:/ST/STM32CubeIDE_1.13.1/STM32CubeIDE/plugins/com.st.stm32cube.ide.mcu.externaltools.gnu-tools-for-stm32.11.3.rel1.win32_1.1.0.202305231506/tools/bin/../lib/gcc/arm-none-eabi/11.3.1/../../../../arm-none-eabi/lib/thumb/v7e-m+fp/hard\libc_nano.a(libc_a-abort.o)
                0x000000000800c348                abort
 .text._malloc_usable_size_r
                0x000000000800c356       0x10 C:/ST/STM32CubeIDE_1.13.1/STM32CubeIDE/plugins/com.st.stm32cube.ide.mcu.externaltools.gnu-tools-for-stm32.11.3.rel1.win32_1.1.0.202305231506/tools/bin/../lib/gcc/arm-none-eabi/11.3.1/../../../../arm-none-eabi/lib/thumb/v7e-m+fp/hard\libc_nano.a(libc_a-msizer.o)
                0x000000000800c356                _malloc_usable_size_r
 .text.__sfputc_r
                0x000000000800c366       0x2e C:/ST/STM32CubeIDE_1.13.1/STM32CubeIDE/plugins/com.st.stm32cube.ide.mcu.externaltools.gnu-tools-for-stm32.11.3.rel1.win32_1.1.0.202305231506/tools/bin/../lib/gcc/arm-none-eabi/11.3.1/../../../../arm-none-eabi/lib/thumb/v7e-m+fp/hard\libc_nano.a(libc_a-nano-vfprintf.o)
 .text.__sfputs_r
                0x000000000800c394       0x24 C:/ST/STM32CubeIDE_1.13.1/STM32CubeIDE/plugins/com.st.stm32cube.ide.mcu.externaltools.gnu-tools-for-stm32.11.3.rel1.win32_1.1.0.202305231506/tools/bin/../lib/gcc/arm-none-eabi/11.3.1/../../../../arm-none-eabi/lib/thumb/v7e-m+fp/hard\libc_nano.a(libc_a-nano-vfprintf.o)
                0x000000000800c394                __sfputs_r
 .text._vfprintf_r
                0x000000000800c3b8      0x234 C:/ST/STM32CubeIDE_1.13.1/STM32CubeIDE/plugins/com.st.stm32cube.ide.mcu.externaltools.gnu-tools-for-stm32.11.3.rel1.win32_1.1.0.202305231506/tools/bin/../lib/gcc/arm-none-eabi/11.3.1/../../../../arm-none-eabi/lib/thumb/v7e-m+fp/hard\libc_nano.a(libc_a-nano-vfprintf.o)
                0x000000000800c3b8                _vfprintf_r
                0x000000000800c3b8                _vfiprintf_r
 .text.__swbuf_r
                0x000000000800c5ec       0x7a C:/ST/STM32CubeIDE_1.13.1/STM32CubeIDE/plugins/com.st.stm32cube.ide.mcu.externaltools.gnu-tools-for-stm32.11.3.rel1.win32_1.1.0.202305231506/tools/bin/../lib/gcc/arm-none-eabi/11.3.1/../../../../arm-none-eabi/lib/thumb/v7e-m+fp/hard\libc_nano.a(libc_a-wbuf.o)
                0x000000000800c5ec                __swbuf_r
 *fill*         0x000000000800c666        0x2 
 .text.__swsetup_r
                0x000000000800c668       0xb0 C:/ST/STM32CubeIDE_1.13.1/STM32CubeIDE/plugins/com.st.stm32cube.ide.mcu.externaltools.gnu-tools-for-stm32.11.3.rel1.win32_1.1.0.202305231506/tools/bin/../lib/gcc/arm-none-eabi/11.3.1/../../../../arm-none-eabi/lib/thumb/v7e-m+fp/hard\libc_nano.a(libc_a-wsetup.o)
                0x000000000800c668                __swsetup_r
 .text._raise_r
                0x000000000800c718       0x50 C:/ST/STM32CubeIDE_1.13.1/STM32CubeIDE/plugins/com.st.stm32cube.ide.mcu.externaltools.gnu-tools-for-stm32.11.3.rel1.win32_1.1.0.202305231506/tools/bin/../lib/gcc/arm-none-eabi/11.3.1/../../../../arm-none-eabi/lib/thumb/v7e-m+fp/hard\libc_nano.a(libc_a-signal.o)
                0x000000000800c718                _raise_r
 .text.raise    0x000000000800c768       0x10 C:/ST/STM32CubeIDE_1.13.1/STM32CubeIDE/plugins/com.st.stm32cube.ide.mcu.externaltools.gnu-tools-for-stm32.11.3.rel1.win32_1.1.0.202305231506/tools/bin/../lib/gcc/arm-none-eabi/11.3.1/../../../../arm-none-eabi/lib/thumb/v7e-m+fp/hard\libc_nano.a(libc_a-signal.o)
                0x000000000800c768                raise
 .text._kill_r  0x000000000800c778       0x24 C:/ST/STM32CubeIDE_1.13.1/STM32CubeIDE/plugins/com.st.stm32cube.ide.mcu.externaltools.gnu-tools-for-stm32.11.3.rel1.win32_1.1.0.202305231506/tools/bin/../lib/gcc/arm-none-eabi/11.3.1/../../../../arm-none-eabi/lib/thumb/v7e-m+fp/hard\libc_nano.a(libc_a-signalr.o)
                0x000000000800c778                _kill_r
 .text._getpid_r
                0x000000000800c79c        0x4 C:/ST/STM32CubeIDE_1.13.1/STM32CubeIDE/plugins/com.st.stm32cube.ide.mcu.externaltools.gnu-tools-for-stm32.11.3.rel1.win32_1.1.0.202305231506/tools/bin/../lib/gcc/arm-none-eabi/11.3.1/../../../../arm-none-eabi/lib/thumb/v7e-m+fp/hard\libc_nano.a(libc_a-signalr.o)
                0x000000000800c79c                _getpid_r
 .text.__swhatbuf_r
                0x000000000800c7a0       0x4c C:/ST/STM32CubeIDE_1.13.1/STM32CubeIDE/plugins/com.st.stm32cube.ide.mcu.externaltools.gnu-tools-for-stm32.11.3.rel1.win32_1.1.0.202305231506/tools/bin/../lib/gcc/arm-none-eabi/11.3.1/../../../../arm-none-eabi/lib/thumb/v7e-m+fp/hard\libc_nano.a(libc_a-makebuf.o)
                0x000000000800c7a0                __swhatbuf_r
 .text.__smakebuf_r
                0x000000000800c7ec       0x78 C:/ST/STM32CubeIDE_1.13.1/STM32CubeIDE/plugins/com.st.stm32cube.ide.mcu.externaltools.gnu-tools-for-stm32.11.3.rel1.win32_1.1.0.202305231506/tools/bin/../lib/gcc/arm-none-eabi/11.3.1/../../../../arm-none-eabi/lib/thumb/v7e-m+fp/hard\libc_nano.a(libc_a-makebuf.o)
                0x000000000800c7ec                __smakebuf_r
 .text._fstat_r
                0x000000000800c864       0x24 C:/ST/STM32CubeIDE_1.13.1/STM32CubeIDE/plugins/com.st.stm32cube.ide.mcu.externaltools.gnu-tools-for-stm32.11.3.rel1.win32_1.1.0.202305231506/tools/bin/../lib/gcc/arm-none-eabi/11.3.1/../../../../arm-none-eabi/lib/thumb/v7e-m+fp/hard\libc_nano.a(libc_a-fstatr.o)
                0x000000000800c864                _fstat_r
 .text._isatty_r
                0x000000000800c888       0x20 C:/ST/STM32CubeIDE_1.13.1/STM32CubeIDE/plugins/com.st.stm32cube.ide.mcu.externaltools.gnu-tools-for-stm32.11.3.rel1.win32_1.1.0.202305231506/tools/bin/../lib/gcc/arm-none-eabi/11.3.1/../../../../arm-none-eabi/lib/thumb/v7e-m+fp/hard\libc_nano.a(libc_a-isattyr.o)
                0x000000000800c888                _isatty_r
 .text.atan2    0x000000000800c8a8        0x4 C:/ST/STM32CubeIDE_1.13.1/STM32CubeIDE/plugins/com.st.stm32cube.ide.mcu.externaltools.gnu-tools-for-stm32.11.3.rel1.win32_1.1.0.202305231506/tools/bin/../lib/gcc/arm-none-eabi/11.3.1/../../../../arm-none-eabi/lib/thumb/v7e-m+fp/hard\libm.a(libm_a-w_atan2.o)
                0x000000000800c8a8                atan2
 *fill*         0x000000000800c8ac        0x4 
 .text.cos      0x000000000800c8b0       0xa8 C:/ST/STM32CubeIDE_1.13.1/STM32CubeIDE/plugins/com.st.stm32cube.ide.mcu.externaltools.gnu-tools-for-stm32.11.3.rel1.win32_1.1.0.202305231506/tools/bin/../lib/gcc/arm-none-eabi/11.3.1/../../../../arm-none-eabi/lib/thumb/v7e-m+fp/hard\libm.a(libm_a-s_cos.o)
                0x000000000800c8b0                cos
 .text.sqrtf    0x000000000800c958       0x3c C:/ST/STM32CubeIDE_1.13.1/STM32CubeIDE/plugins/com.st.stm32cube.ide.mcu.externaltools.gnu-tools-for-stm32.11.3.rel1.win32_1.1.0.202305231506/tools/bin/../lib/gcc/arm-none-eabi/11.3.1/../../../../arm-none-eabi/lib/thumb/v7e-m+fp/hard\libm.a(libm_a-wf_sqrt.o)
                0x000000000800c958                sqrtf
 .text.__ieee754_sqrtf
                0x000000000800c994        0x6 C:/ST/STM32CubeIDE_1.13.1/STM32CubeIDE/plugins/com.st.stm32cube.ide.mcu.externaltools.gnu-tools-for-stm32.11.3.rel1.win32_1.1.0.202305231506/tools/bin/../lib/gcc/arm-none-eabi/11.3.1/../../../../arm-none-eabi/lib/thumb/v7e-m+fp/hard\libm.a(libm_a-ef_sqrt.o)
                0x000000000800c994                __ieee754_sqrtf
 *fill*         0x000000000800c99a        0x6 
 .text.__kernel_cos
                0x000000000800c9a0      0x18c C:/ST/STM32CubeIDE_1.13.1/STM32CubeIDE/plugins/com.st.stm32cube.ide.mcu.externaltools.gnu-tools-for-stm32.11.3.rel1.win32_1.1.0.202305231506/tools/bin/../lib/gcc/arm-none-eabi/11.3.1/../../../../arm-none-eabi/lib/thumb/v7e-m+fp/hard\libm.a(libm_a-k_cos.o)
                0x000000000800c9a0                __kernel_cos
 *fill*         0x000000000800cb2c        0x4 
 .text.__kernel_sin
                0x000000000800cb30      0x17c C:/ST/STM32CubeIDE_1.13.1/STM32CubeIDE/plugins/com.st.stm32cube.ide.mcu.externaltools.gnu-tools-for-stm32.11.3.rel1.win32_1.1.0.202305231506/tools/bin/../lib/gcc/arm-none-eabi/11.3.1/../../../../arm-none-eabi/lib/thumb/v7e-m+fp/hard\libm.a(libm_a-k_sin.o)
                0x000000000800cb30                __kernel_sin
 *fill*         0x000000000800ccac        0x4 
 .text.__ieee754_atan2
                0x000000000800ccb0      0x18c C:/ST/STM32CubeIDE_1.13.1/STM32CubeIDE/plugins/com.st.stm32cube.ide.mcu.externaltools.gnu-tools-for-stm32.11.3.rel1.win32_1.1.0.202305231506/tools/bin/../lib/gcc/arm-none-eabi/11.3.1/../../../../arm-none-eabi/lib/thumb/v7e-m+fp/hard\libm.a(libm_a-e_atan2.o)
                0x000000000800ccb0                __ieee754_atan2
 *fill*         0x000000000800ce3c        0x4 
 .text.__ieee754_rem_pio2
                0x000000000800ce40      0x40c C:/ST/STM32CubeIDE_1.13.1/STM32CubeIDE/plugins/com.st.stm32cube.ide.mcu.externaltools.gnu-tools-for-stm32.11.3.rel1.win32_1.1.0.202305231506/tools/bin/../lib/gcc/arm-none-eabi/11.3.1/../../../../arm-none-eabi/lib/thumb/v7e-m+fp/hard\libm.a(libm_a-e_rem_pio2.o)
                0x000000000800ce40                __ieee754_rem_pio2
 *fill*         0x000000000800d24c        0x4 
 .text.atan     0x000000000800d250      0x340 C:/ST/STM32CubeIDE_1.13.1/STM32CubeIDE/plugins/com.st.stm32cube.ide.mcu.externaltools.gnu-tools-for-stm32.11.3.rel1.win32_1.1.0.202305231506/tools/bin/../lib/gcc/arm-none-eabi/11.3.1/../../../../arm-none-eabi/lib/thumb/v7e-m+fp/hard\libm.a(libm_a-s_atan.o)
                0x000000000800d250                atan
 .text.fabs     0x000000000800d590       0x12 C:/ST/STM32CubeIDE_1.13.1/STM32CubeIDE/plugins/com.st.stm32cube.ide.mcu.externaltools.gnu-tools-for-stm32.11.3.rel1.win32_1.1.0.202305231506/tools/bin/../lib/gcc/arm-none-eabi/11.3.1/../../../../arm-none-eabi/lib/thumb/v7e-m+fp/hard\libm.a(libm_a-s_fabs.o)
                0x000000000800d590                fabs
 *fill*         0x000000000800d5a2        0x6 
 .text.__kernel_rem_pio2
                0x000000000800d5a8      0x69c C:/ST/STM32CubeIDE_1.13.1/STM32CubeIDE/plugins/com.st.stm32cube.ide.mcu.externaltools.gnu-tools-for-stm32.11.3.rel1.win32_1.1.0.202305231506/tools/bin/../lib/gcc/arm-none-eabi/11.3.1/../../../../arm-none-eabi/lib/thumb/v7e-m+fp/hard\libm.a(libm_a-k_rem_pio2.o)
                0x000000000800d5a8                __kernel_rem_pio2
 *fill*         0x000000000800dc44        0x4 
 .text.scalbn   0x000000000800dc48       0xfc C:/ST/STM32CubeIDE_1.13.1/STM32CubeIDE/plugins/com.st.stm32cube.ide.mcu.externaltools.gnu-tools-for-stm32.11.3.rel1.win32_1.1.0.202305231506/tools/bin/../lib/gcc/arm-none-eabi/11.3.1/../../../../arm-none-eabi/lib/thumb/v7e-m+fp/hard\libm.a(libm_a-s_scalbn.o)
                0x000000000800dc48                scalbn
 *fill*         0x000000000800dd44        0x4 
 .text.floor    0x000000000800dd48      0x100 C:/ST/STM32CubeIDE_1.13.1/STM32CubeIDE/plugins/com.st.stm32cube.ide.mcu.externaltools.gnu-tools-for-stm32.11.3.rel1.win32_1.1.0.202305231506/tools/bin/../lib/gcc/arm-none-eabi/11.3.1/../../../../arm-none-eabi/lib/thumb/v7e-m+fp/hard\libm.a(libm_a-s_floor.o)
                0x000000000800dd48                floor
 *(.glue_7)
 .glue_7        0x000000000800de48        0x0 linker stubs
 *(.glue_7t)
 .glue_7t       0x000000000800de48        0x0 linker stubs
 *(.eh_frame)
 .eh_frame      0x000000000800de48        0x0 C:/ST/STM32CubeIDE_1.13.1/STM32CubeIDE/plugins/com.st.stm32cube.ide.mcu.externaltools.gnu-tools-for-stm32.11.3.rel1.win32_1.1.0.202305231506/tools/bin/../lib/gcc/arm-none-eabi/11.3.1/thumb/v7e-m+fp/hard/crtbegin.o
 *(.init)
 .init          0x000000000800de48        0x4 C:/ST/STM32CubeIDE_1.13.1/STM32CubeIDE/plugins/com.st.stm32cube.ide.mcu.externaltools.gnu-tools-for-stm32.11.3.rel1.win32_1.1.0.202305231506/tools/bin/../lib/gcc/arm-none-eabi/11.3.1/thumb/v7e-m+fp/hard/crti.o
                0x000000000800de48                _init
 .init          0x000000000800de4c        0x8 C:/ST/STM32CubeIDE_1.13.1/STM32CubeIDE/plugins/com.st.stm32cube.ide.mcu.externaltools.gnu-tools-for-stm32.11.3.rel1.win32_1.1.0.202305231506/tools/bin/../lib/gcc/arm-none-eabi/11.3.1/thumb/v7e-m+fp/hard/crtn.o
 *(.fini)
 .fini          0x000000000800de54        0x4 C:/ST/STM32CubeIDE_1.13.1/STM32CubeIDE/plugins/com.st.stm32cube.ide.mcu.externaltools.gnu-tools-for-stm32.11.3.rel1.win32_1.1.0.202305231506/tools/bin/../lib/gcc/arm-none-eabi/11.3.1/thumb/v7e-m+fp/hard/crti.o
                0x000000000800de54                _fini
 .fini          0x000000000800de58        0x8 C:/ST/STM32CubeIDE_1.13.1/STM32CubeIDE/plugins/com.st.stm32cube.ide.mcu.externaltools.gnu-tools-for-stm32.11.3.rel1.win32_1.1.0.202305231506/tools/bin/../lib/gcc/arm-none-eabi/11.3.1/thumb/v7e-m+fp/hard/crtn.o
                0x000000000800de60                . = ALIGN (0x4)
                0x000000000800de60                _etext = .

.vfp11_veneer   0x000000000800de60        0x0
 .vfp11_veneer  0x000000000800de60        0x0 linker stubs

.v4_bx          0x000000000800de60        0x0
 .v4_bx         0x000000000800de60        0x0 linker stubs

.iplt           0x000000000800de60        0x0
 .iplt          0x000000000800de60        0x0 C:/ST/STM32CubeIDE_1.13.1/STM32CubeIDE/plugins/com.st.stm32cube.ide.mcu.externaltools.gnu-tools-for-stm32.11.3.rel1.win32_1.1.0.202305231506/tools/bin/../lib/gcc/arm-none-eabi/11.3.1/thumb/v7e-m+fp/hard/crtbegin.o

.rodata         0x000000000800de60    0x13a98
                0x000000000800de60                . = ALIGN (0x4)
 *(.rodata)
 .rodata        0x000000000800de60       0x64 ./Core/Src/main.o
 *(.rodata*)
 .rodata.AHBPrescTable
                0x000000000800dec4       0x10 ./Core/Src/system_stm32f7xx.o
                0x000000000800dec4                AHBPrescTable
 .rodata.APBPrescTable
                0x000000000800ded4        0x8 ./Core/Src/system_stm32f7xx.o
                0x000000000800ded4                APBPrescTable
 .rodata.flagBitshiftOffset.0
                0x000000000800dedc        0x8 ./Drivers/STM32F7xx_HAL_Driver/Src/stm32f7xx_hal_dma.o
 .rodata.twiddleCoef_2048
                0x000000000800dee4     0x4000 C:\Users\thakk\STM32CubeIDE\workspace_1.13.1\stmf7\Lib\libarm_cortexM7lfsp_math.a(arm_common_tables.o)
                0x000000000800dee4                twiddleCoef_2048
 .rodata.twiddleCoef_rfft_64
                0x0000000008011ee4      0x100 C:\Users\thakk\STM32CubeIDE\workspace_1.13.1\stmf7\Lib\libarm_cortexM7lfsp_math.a(arm_common_tables.o)
                0x0000000008011ee4                twiddleCoef_rfft_64
 .rodata.armBitRevIndexTable64
                0x0000000008011fe4       0x70 C:\Users\thakk\STM32CubeIDE\workspace_1.13.1\stmf7\Lib\libarm_cortexM7lfsp_math.a(arm_common_tables.o)
                0x0000000008011fe4                armBitRevIndexTable64
 .rodata.twiddleCoef_rfft_2048
                0x0000000008012054     0x2000 C:\Users\thakk\STM32CubeIDE\workspace_1.13.1\stmf7\Lib\libarm_cortexM7lfsp_math.a(arm_common_tables.o)
                0x0000000008012054                twiddleCoef_rfft_2048
 .rodata.twiddleCoef_rfft_4096
                0x0000000008014054     0x4000 C:\Users\thakk\STM32CubeIDE\workspace_1.13.1\stmf7\Lib\libarm_cortexM7lfsp_math.a(arm_common_tables.o)
                0x0000000008014054                twiddleCoef_rfft_4096
 .rodata.twiddleCoef_256
                0x0000000008018054      0x800 C:\Users\thakk\STM32CubeIDE\workspace_1.13.1\stmf7\Lib\libarm_cortexM7lfsp_math.a(arm_common_tables.o)
                0x0000000008018054                twiddleCoef_256
 .rodata.twiddleCoef_16
                0x0000000008018854       0x80 C:\Users\thakk\STM32CubeIDE\workspace_1.13.1\stmf7\Lib\libarm_cortexM7lfsp_math.a(arm_common_tables.o)
                0x0000000008018854                twiddleCoef_16
 .rodata.twiddleCoef_1024
                0x00000000080188d4     0x2000 C:\Users\thakk\STM32CubeIDE\workspace_1.13.1\stmf7\Lib\libarm_cortexM7lfsp_math.a(arm_common_tables.o)
                0x00000000080188d4                twiddleCoef_1024
 .rodata.twiddleCoef_32
                0x000000000801a8d4      0x100 C:\Users\thakk\STM32CubeIDE\workspace_1.13.1\stmf7\Lib\libarm_cortexM7lfsp_math.a(arm_common_tables.o)
                0x000000000801a8d4                twiddleCoef_32
 .rodata.armBitRevIndexTable1024
                0x000000000801a9d4      0xe10 C:\Users\thakk\STM32CubeIDE\workspace_1.13.1\stmf7\Lib\libarm_cortexM7lfsp_math.a(arm_common_tables.o)
                0x000000000801a9d4                armBitRevIndexTable1024
 .rodata.armBitRevIndexTable16
                0x000000000801b7e4       0x28 C:\Users\thakk\STM32CubeIDE\workspace_1.13.1\stmf7\Lib\libarm_cortexM7lfsp_math.a(arm_common_tables.o)
                0x000000000801b7e4                armBitRevIndexTable16
 .rodata.twiddleCoef_rfft_32
                0x000000000801b80c       0x80 C:\Users\thakk\STM32CubeIDE\workspace_1.13.1\stmf7\Lib\libarm_cortexM7lfsp_math.a(arm_common_tables.o)
                0x000000000801b80c                twiddleCoef_rfft_32
 .rodata.armBitRevIndexTable32
                0x000000000801b88c       0x60 C:\Users\thakk\STM32CubeIDE\workspace_1.13.1\stmf7\Lib\libarm_cortexM7lfsp_math.a(arm_common_tables.o)
                0x000000000801b88c                armBitRevIndexTable32
 .rodata.twiddleCoef_128
                0x000000000801b8ec      0x400 C:\Users\thakk\STM32CubeIDE\workspace_1.13.1\stmf7\Lib\libarm_cortexM7lfsp_math.a(arm_common_tables.o)
                0x000000000801b8ec                twiddleCoef_128
 .rodata.twiddleCoef_512
                0x000000000801bcec     0x1000 C:\Users\thakk\STM32CubeIDE\workspace_1.13.1\stmf7\Lib\libarm_cortexM7lfsp_math.a(arm_common_tables.o)
                0x000000000801bcec                twiddleCoef_512
 .rodata.armBitRevIndexTable2048
                0x000000000801ccec     0x1dc0 C:\Users\thakk\STM32CubeIDE\workspace_1.13.1\stmf7\Lib\libarm_cortexM7lfsp_math.a(arm_common_tables.o)
                0x000000000801ccec                armBitRevIndexTable2048
 .rodata.twiddleCoef_64
                0x000000000801eaac      0x200 C:\Users\thakk\STM32CubeIDE\workspace_1.13.1\stmf7\Lib\libarm_cortexM7lfsp_math.a(arm_common_tables.o)
                0x000000000801eaac                twiddleCoef_64
 .rodata.twiddleCoef_rfft_512
                0x000000000801ecac      0x800 C:\Users\thakk\STM32CubeIDE\workspace_1.13.1\stmf7\Lib\libarm_cortexM7lfsp_math.a(arm_common_tables.o)
                0x000000000801ecac                twiddleCoef_rfft_512
 .rodata.armBitRevIndexTable512
                0x000000000801f4ac      0x380 C:\Users\thakk\STM32CubeIDE\workspace_1.13.1\stmf7\Lib\libarm_cortexM7lfsp_math.a(arm_common_tables.o)
                0x000000000801f4ac                armBitRevIndexTable512
 .rodata.twiddleCoef_rfft_1024
                0x000000000801f82c     0x1000 C:\Users\thakk\STM32CubeIDE\workspace_1.13.1\stmf7\Lib\libarm_cortexM7lfsp_math.a(arm_common_tables.o)
                0x000000000801f82c                twiddleCoef_rfft_1024
 .rodata.twiddleCoef_rfft_256
                0x000000000802082c      0x400 C:\Users\thakk\STM32CubeIDE\workspace_1.13.1\stmf7\Lib\libarm_cortexM7lfsp_math.a(arm_common_tables.o)
                0x000000000802082c                twiddleCoef_rfft_256
 .rodata.armBitRevIndexTable256
                0x0000000008020c2c      0x370 C:\Users\thakk\STM32CubeIDE\workspace_1.13.1\stmf7\Lib\libarm_cortexM7lfsp_math.a(arm_common_tables.o)
                0x0000000008020c2c                armBitRevIndexTable256
 .rodata.twiddleCoef_rfft_128
                0x0000000008020f9c      0x200 C:\Users\thakk\STM32CubeIDE\workspace_1.13.1\stmf7\Lib\libarm_cortexM7lfsp_math.a(arm_common_tables.o)
                0x0000000008020f9c                twiddleCoef_rfft_128
 .rodata.armBitRevIndexTable128
                0x000000000802119c      0x1a0 C:\Users\thakk\STM32CubeIDE\workspace_1.13.1\stmf7\Lib\libarm_cortexM7lfsp_math.a(arm_common_tables.o)
                0x000000000802119c                armBitRevIndexTable128
 .rodata._printf_float.str1.1
                0x000000000802133c       0x12 C:/ST/STM32CubeIDE_1.13.1/STM32CubeIDE/plugins/com.st.stm32cube.ide.mcu.externaltools.gnu-tools-for-stm32.11.3.rel1.win32_1.1.0.202305231506/tools/bin/../lib/gcc/arm-none-eabi/11.3.1/../../../../arm-none-eabi/lib/thumb/v7e-m+fp/hard\libc_nano.a(libc_a-nano-vfprintf_float.o)
 .rodata._printf_i.str1.1
                0x000000000802134e       0x22 C:/ST/STM32CubeIDE_1.13.1/STM32CubeIDE/plugins/com.st.stm32cube.ide.mcu.externaltools.gnu-tools-for-stm32.11.3.rel1.win32_1.1.0.202305231506/tools/bin/../lib/gcc/arm-none-eabi/11.3.1/../../../../arm-none-eabi/lib/thumb/v7e-m+fp/hard\libc_nano.a(libc_a-nano-vfprintf_i.o)
 .rodata._dtoa_r.str1.1
                0x0000000008021370       0x8d C:/ST/STM32CubeIDE_1.13.1/STM32CubeIDE/plugins/com.st.stm32cube.ide.mcu.externaltools.gnu-tools-for-stm32.11.3.rel1.win32_1.1.0.202305231506/tools/bin/../lib/gcc/arm-none-eabi/11.3.1/../../../../arm-none-eabi/lib/thumb/v7e-m+fp/hard\libc_nano.a(libc_a-dtoa.o)