../Core/Src/main.c:96:5:main	72	static
../Core/Src/main.c:193:6:SystemClock_Config	88	static
../Core/Src/main.c:240:13:MX_ADC1_Init	24	static
../Core/Src/main.c:301:13:MX_TIM2_Init	64	static
../Core/Src/main.c:360:13:MX_TIM3_Init	64	static
../Core/Src/main.c:418:13:MX_USART3_UART_Init	8	static
../Core/Src/main.c:451:13:MX_USB_OTG_FS_PCD_Init	8	static
../Core/Src/main.c:485:13:MX_DMA_Init	16	static
../Core/Src/main.c:507:13:MX_GPIO_Init	56	static
../Core/Src/main.c:559:6:HAL_TIM_OC_DelayElapsedCallback	16	static
../Core/Src/main.c:567:6:HAL_TIM_PeriodElapsedCallback	16	static
../Core/Src/main.c:574:6:HAL_ADC_ConvCpltCallback	24	static
../Core/Src/main.c:598:6:HAL_UART_TxCpltCallback	16	static
../Core/Src/main.c:608:6:Error_Handler	4	static,ignoring_inline_asm
